Archive member included to satisfy reference by file (symbol)

c:/program files (x86)/atollic/truestudio for stm32 9.0.1/armtools/bin/../lib/gcc/arm-atollic-eabi/6.3.1/../../../../arm-atollic-eabi/lib/armv6-m\libc_nano.a(lib_a-init.o)
                              startup\startup_stm32l052xx.o (__libc_init_array)
c:/program files (x86)/atollic/truestudio for stm32 9.0.1/armtools/bin/../lib/gcc/arm-atollic-eabi/6.3.1/../../../../arm-atollic-eabi/lib/armv6-m\libc_nano.a(lib_a-memset.o)
                              Drivers\STM32L0xx_HAL_Driver\Src\stm32l0xx_hal_rcc.o (memset)
c:/program files (x86)/atollic/truestudio for stm32 9.0.1/armtools/bin/../lib/gcc/arm-atollic-eabi/6.3.1/armv6-m\libgcc.a(_udivsi3.o)
                              Drivers\STM32L0xx_HAL_Driver\Src\stm32l0xx_hal.o (__aeabi_uidiv)
c:/program files (x86)/atollic/truestudio for stm32 9.0.1/armtools/bin/../lib/gcc/arm-atollic-eabi/6.3.1/armv6-m\libgcc.a(_dvmd_tls.o)
                              c:/program files (x86)/atollic/truestudio for stm32 9.0.1/armtools/bin/../lib/gcc/arm-atollic-eabi/6.3.1/armv6-m\libgcc.a(_udivsi3.o) (__aeabi_idiv0)
c:/program files (x86)/atollic/truestudio for stm32 9.0.1/armtools/bin/../lib/gcc/arm-atollic-eabi/6.3.1/armv6-m\libgcc.a(_fixunsdfsi.o)
                              Src\led.o (__aeabi_d2uiz)
c:/program files (x86)/atollic/truestudio for stm32 9.0.1/armtools/bin/../lib/gcc/arm-atollic-eabi/6.3.1/armv6-m\libgcc.a(mulsf3.o)
                              Src\led.o (__aeabi_fmul)
c:/program files (x86)/atollic/truestudio for stm32 9.0.1/armtools/bin/../lib/gcc/arm-atollic-eabi/6.3.1/armv6-m\libgcc.a(floatunsisf.o)
                              Src\led.o (__aeabi_ui2f)
c:/program files (x86)/atollic/truestudio for stm32 9.0.1/armtools/bin/../lib/gcc/arm-atollic-eabi/6.3.1/armv6-m\libgcc.a(divdf3.o)
                              Src\led.o (__aeabi_ddiv)
c:/program files (x86)/atollic/truestudio for stm32 9.0.1/armtools/bin/../lib/gcc/arm-atollic-eabi/6.3.1/armv6-m\libgcc.a(subdf3.o)
                              c:/program files (x86)/atollic/truestudio for stm32 9.0.1/armtools/bin/../lib/gcc/arm-atollic-eabi/6.3.1/armv6-m\libgcc.a(_fixunsdfsi.o) (__aeabi_dsub)
c:/program files (x86)/atollic/truestudio for stm32 9.0.1/armtools/bin/../lib/gcc/arm-atollic-eabi/6.3.1/armv6-m\libgcc.a(fixdfsi.o)
                              c:/program files (x86)/atollic/truestudio for stm32 9.0.1/armtools/bin/../lib/gcc/arm-atollic-eabi/6.3.1/armv6-m\libgcc.a(_fixunsdfsi.o) (__aeabi_d2iz)
c:/program files (x86)/atollic/truestudio for stm32 9.0.1/armtools/bin/../lib/gcc/arm-atollic-eabi/6.3.1/armv6-m\libgcc.a(extendsfdf2.o)
                              Src\led.o (__aeabi_f2d)
c:/program files (x86)/atollic/truestudio for stm32 9.0.1/armtools/bin/../lib/gcc/arm-atollic-eabi/6.3.1/armv6-m\libgcc.a(_arm_cmpdf2.o)
                              c:/program files (x86)/atollic/truestudio for stm32 9.0.1/armtools/bin/../lib/gcc/arm-atollic-eabi/6.3.1/armv6-m\libgcc.a(_fixunsdfsi.o) (__aeabi_dcmpge)
c:/program files (x86)/atollic/truestudio for stm32 9.0.1/armtools/bin/../lib/gcc/arm-atollic-eabi/6.3.1/armv6-m\libgcc.a(_clzsi2.o)
                              c:/program files (x86)/atollic/truestudio for stm32 9.0.1/armtools/bin/../lib/gcc/arm-atollic-eabi/6.3.1/armv6-m\libgcc.a(mulsf3.o) (__clzsi2)
c:/program files (x86)/atollic/truestudio for stm32 9.0.1/armtools/bin/../lib/gcc/arm-atollic-eabi/6.3.1/armv6-m\libgcc.a(eqdf2.o)
                              c:/program files (x86)/atollic/truestudio for stm32 9.0.1/armtools/bin/../lib/gcc/arm-atollic-eabi/6.3.1/armv6-m\libgcc.a(_arm_cmpdf2.o) (__eqdf2)
c:/program files (x86)/atollic/truestudio for stm32 9.0.1/armtools/bin/../lib/gcc/arm-atollic-eabi/6.3.1/armv6-m\libgcc.a(gedf2.o)
                              c:/program files (x86)/atollic/truestudio for stm32 9.0.1/armtools/bin/../lib/gcc/arm-atollic-eabi/6.3.1/armv6-m\libgcc.a(_arm_cmpdf2.o) (__gedf2)
c:/program files (x86)/atollic/truestudio for stm32 9.0.1/armtools/bin/../lib/gcc/arm-atollic-eabi/6.3.1/armv6-m\libgcc.a(ledf2.o)
                              c:/program files (x86)/atollic/truestudio for stm32 9.0.1/armtools/bin/../lib/gcc/arm-atollic-eabi/6.3.1/armv6-m\libgcc.a(_arm_cmpdf2.o) (__ledf2)

Allocating common symbols
Common symbol       size              file

MyChannels_Data     0xc               Src\tsl_user.o
MyTKeys_Param       0xa               Src\tsl_user.o
ECSLastTick         0x2               Src\tsl_user.o
uwTick              0x4               Drivers\STM32L0xx_HAL_Driver\Src\stm32l0xx_hal.o
pFlash              0x18              Drivers\STM32L0xx_HAL_Driver\Src\stm32l0xx_hal_flash.o
TSL_Globals         0x18              Middlewares\ST\STM32_TouchSensing_Library\src\tsl_globals.o
MyTKeys_Data        0x4               Src\tsl_user.o
hrtc                0x24              Src\rtc.o
pcPrinterMessage    0x4               Src\printer.o
ADC1ConvertedValue  0x2               Src\printer.o
[...]
Memory Configuration

Name             Origin             Length             Attributes
RAM              0x20000000         0x00002000         xrw
FLASH            0x08000000         0x00008000         xr
*default*        0x00000000         0xffffffff

Linker script and memory map

LOAD c:/program files (x86)/atollic/truestudio for stm32 9.0.1/armtools/bin/../lib/gcc/arm-atollic-eabi/6.3.1/armv6-m/crti.o
LOAD c:/program files (x86)/atollic/truestudio for stm32 9.0.1/armtools/bin/../lib/gcc/arm-atollic-eabi/6.3.1/armv6-m/crtbegin.o
LOAD Drivers\STM32L0xx_HAL_Driver\Src\stm32l0xx_hal.o
LOAD Drivers\STM32L0xx_HAL_Driver\Src\stm32l0xx_hal_adc.o
LOAD Drivers\STM32L0xx_HAL_Driver\Src\stm32l0xx_hal_adc_ex.o
LOAD Drivers\STM32L0xx_HAL_Driver\Src\stm32l0xx_hal_cortex.o
LOAD Drivers\STM32L0xx_HAL_Driver\Src\stm32l0xx_hal_dma.o
LOAD Drivers\STM32L0xx_HAL_Driver\Src\stm32l0xx_hal_flash.o
LOAD Drivers\STM32L0xx_HAL_Driver\Src\stm32l0xx_hal_flash_ex.o
LOAD Drivers\STM32L0xx_HAL_Driver\Src\stm32l0xx_hal_flash_ramfunc.o
LOAD Drivers\STM32L0xx_HAL_Driver\Src\stm32l0xx_hal_gpio.o
LOAD Drivers\STM32L0xx_HAL_Driver\Src\stm32l0xx_hal_i2c.o
LOAD Drivers\STM32L0xx_HAL_Driver\Src\stm32l0xx_hal_i2c_ex.o
LOAD Drivers\STM32L0xx_HAL_Driver\Src\stm32l0xx_hal_pwr.o
LOAD Drivers\STM32L0xx_HAL_Driver\Src\stm32l0xx_hal_pwr_ex.o
LOAD Drivers\STM32L0xx_HAL_Driver\Src\stm32l0xx_hal_rcc.o
LOAD Drivers\STM32L0xx_HAL_Driver\Src\stm32l0xx_hal_rcc_ex.o
LOAD Drivers\STM32L0xx_HAL_Driver\Src\stm32l0xx_hal_rtc.o
LOAD Drivers\STM32L0xx_HAL_Driver\Src\stm32l0xx_hal_rtc_ex.o
LOAD Drivers\STM32L0xx_HAL_Driver\Src\stm32l0xx_hal_tim.o
LOAD Drivers\STM32L0xx_HAL_Driver\Src\stm32l0xx_hal_tim_ex.o
LOAD Drivers\STM32L0xx_HAL_Driver\Src\stm32l0xx_hal_tsc.o
LOAD Middlewares\ST\STM32_TouchSensing_Library\src\tsl.o
LOAD Middlewares\ST\STM32_TouchSensing_Library\src\tsl_acq.o
LOAD Middlewares\ST\STM32_TouchSensing_Library\src\tsl_acq_tsc.o
LOAD Middlewares\ST\STM32_TouchSensing_Library\src\tsl_dxs.o
LOAD Middlewares\ST\STM32_TouchSensing_Library\src\tsl_ecs.o
LOAD Middlewares\ST\STM32_TouchSensing_Library\src\tsl_filter.o
LOAD Middlewares\ST\STM32_TouchSensing_Library\src\tsl_globals.o
LOAD Middlewares\ST\STM32_TouchSensing_Library\src\tsl_linrot.o
LOAD Middlewares\ST\STM32_TouchSensing_Library\src\tsl_object.o
LOAD Middlewares\ST\STM32_TouchSensing_Library\src\tsl_time.o
LOAD Middlewares\ST\STM32_TouchSensing_Library\src\tsl_touchkey.o
LOAD Src\led.o
LOAD Src\main.o
LOAD Src\power.o
LOAD Src\printer.o
LOAD Src\rtc.o
LOAD Src\stm32l0xx_hal_msp.o
LOAD Src\stm32l0xx_it.o
LOAD Src\stmCriticalSection.o
LOAD Src\system_stm32l0xx.o
LOAD Src\tsl_user.o
LOAD startup\startup_stm32l052xx.o
                0x00000080                malloc_getpagesize_P = 0x80
START GROUP
LOAD c:/program files (x86)/atollic/truestudio for stm32 9.0.1/armtools/bin/../lib/gcc/arm-atollic-eabi/6.3.1/../../../../arm-atollic-eabi/lib/armv6-m\libc_nano.a
LOAD c:/program files (x86)/atollic/truestudio for stm32 9.0.1/armtools/bin/../lib/gcc/arm-atollic-eabi/6.3.1/../../../../arm-atollic-eabi/lib/armv6-m\libm.a
END GROUP
START GROUP
LOAD c:/program files (x86)/atollic/truestudio for stm32 9.0.1/armtools/bin/../lib/gcc/arm-atollic-eabi/6.3.1/armv6-m\libgcc.a
LOAD c:/program files (x86)/atollic/truestudio for stm32 9.0.1/armtools/bin/../lib/gcc/arm-atollic-eabi/6.3.1/../../../../arm-atollic-eabi/lib/armv6-m\libc_nano.a
END GROUP
START GROUP
LOAD c:/program files (x86)/atollic/truestudio for stm32 9.0.1/armtools/bin/../lib/gcc/arm-atollic-eabi/6.3.1/armv6-m\libgcc.a
LOAD c:/program files (x86)/atollic/truestudio for stm32 9.0.1/armtools/bin/../lib/gcc/arm-atollic-eabi/6.3.1/../../../../arm-atollic-eabi/lib/armv6-m\libc_nano.a
LOAD c:/program files (x86)/atollic/truestudio for stm32 9.0.1/armtools/bin/../lib/gcc/arm-atollic-eabi/6.3.1/../../../../arm-atollic-eabi/lib/armv6-m\libnosys.a
END GROUP
START GROUP
LOAD c:/program files (x86)/atollic/truestudio for stm32 9.0.1/armtools/bin/../lib/gcc/arm-atollic-eabi/6.3.1/armv6-m\libgcc.a
LOAD c:/program files (x86)/atollic/truestudio for stm32 9.0.1/armtools/bin/../lib/gcc/arm-atollic-eabi/6.3.1/../../../../arm-atollic-eabi/lib/armv6-m\libc_nano.a
LOAD c:/program files (x86)/atollic/truestudio for stm32 9.0.1/armtools/bin/../lib/gcc/arm-atollic-eabi/6.3.1/../../../../arm-atollic-eabi/lib/armv6-m\libnosys.a
END GROUP
LOAD c:/program files (x86)/atollic/truestudio for stm32 9.0.1/armtools/bin/../lib/gcc/arm-atollic-eabi/6.3.1/armv6-m/crtend.o
LOAD c:/program files (x86)/atollic/truestudio for stm32 9.0.1/armtools/bin/../lib/gcc/arm-atollic-eabi/6.3.1/armv6-m/crtn.o
                0x20002000                _estack = 0x20002000
                0x00000200                _Min_Heap_Size = 0x200
                0x00000400                _Min_Stack_Size = 0x400

.isr_vector     0x08000000       0xc0
                0x08000000                . = ALIGN (0x4)
 *(.isr_vector)
 .isr_vector    0x08000000       0xc0 startup\startup_stm32l052xx.o
                0x08000000                g_pfnVectors
                0x080000c0                . = ALIGN (0x4)

.text           0x080000c0     0x40c0
                0x080000c0                . = ALIGN (0x4)
 *(.text)
 .text          0x080000c0       0x48 c:/program files (x86)/atollic/truestudio for stm32 9.0.1/armtools/bin/../lib/gcc/arm-atollic-eabi/6.3.1/armv6-m/crtbegin.o
 .text          0x08000108      0x114 c:/program files (x86)/atollic/truestudio for stm32 9.0.1/armtools/bin/../lib/gcc/arm-atollic-eabi/6.3.1/armv6-m\libgcc.a(_udivsi3.o)
                0x08000108                __aeabi_uidiv
                0x08000108                __udivsi3
                0x08000214                __aeabi_uidivmod
 .text          0x0800021c        0x4 c:/program files (x86)/atollic/truestudio for stm32 9.0.1/armtools/bin/../lib/gcc/arm-atollic-eabi/6.3.1/armv6-m\libgcc.a(_dvmd_tls.o)
                0x0800021c                __aeabi_idiv0
                0x0800021c                __aeabi_ldiv0
 .text          0x08000220       0x3c c:/program files (x86)/atollic/truestudio for stm32 9.0.1/armtools/bin/../lib/gcc/arm-atollic-eabi/6.3.1/armv6-m\libgcc.a(_fixunsdfsi.o)
                0x08000220                __aeabi_d2uiz
                0x08000220                __fixunsdfsi
 .text          0x0800025c      0x240 c:/program files (x86)/atollic/truestudio for stm32 9.0.1/armtools/bin/../lib/gcc/arm-atollic-eabi/6.3.1/armv6-m\libgcc.a(mulsf3.o)
                0x0800025c                __aeabi_fmul
 .text          0x0800049c       0x8c c:/program files (x86)/atollic/truestudio for stm32 9.0.1/armtools/bin/../lib/gcc/arm-atollic-eabi/6.3.1/armv6-m\libgcc.a(floatunsisf.o)
                0x0800049c                __aeabi_ui2f
 .text          0x08000528      0x668 c:/program files (x86)/atollic/truestudio for stm32 9.0.1/armtools/bin/../lib/gcc/arm-atollic-eabi/6.3.1/armv6-m\libgcc.a(divdf3.o)
                0x08000528                __aeabi_ddiv
 .text          0x08000b90      0x62c c:/program files (x86)/atollic/truestudio for stm32 9.0.1/armtools/bin/../lib/gcc/arm-atollic-eabi/6.3.1/armv6-m\libgcc.a(subdf3.o)
                0x08000b90                __aeabi_dsub
 .text          0x080011bc       0x68 c:/program files (x86)/atollic/truestudio for stm32 9.0.1/armtools/bin/../lib/gcc/arm-atollic-eabi/6.3.1/armv6-m\libgcc.a(fixdfsi.o)
                0x080011bc                __aeabi_d2iz
 .text          0x08001224       0xa4 c:/program files (x86)/atollic/truestudio for stm32 9.0.1/armtools/bin/../lib/gcc/arm-atollic-eabi/6.3.1/armv6-m\libgcc.a(extendsfdf2.o)
                0x08001224                __aeabi_f2d
 .text          0x080012c8       0x7c c:/program files (x86)/atollic/truestudio for stm32 9.0.1/armtools/bin/../lib/gcc/arm-atollic-eabi/6.3.1/armv6-m\libgcc.a(_arm_cmpdf2.o)
                0x080012c8                __aeabi_cdrcmple
                0x080012d8                __aeabi_cdcmple
                0x080012d8                __aeabi_cdcmpeq
                0x080012e8                __aeabi_dcmpeq
                0x080012f4                __aeabi_dcmplt
                0x08001308                __aeabi_dcmple
                0x0800131c                __aeabi_dcmpgt
                0x08001330                __aeabi_dcmpge
 .text          0x08001344       0x3c c:/program files (x86)/atollic/truestudio for stm32 9.0.1/armtools/bin/../lib/gcc/arm-atollic-eabi/6.3.1/armv6-m\libgcc.a(_clzsi2.o)
                0x08001344                __clzsi2
 .text          0x08001380       0x74 c:/program files (x86)/atollic/truestudio for stm32 9.0.1/armtools/bin/../lib/gcc/arm-atollic-eabi/6.3.1/armv6-m\libgcc.a(eqdf2.o)
                0x08001380                __nedf2
                0x08001380                __eqdf2
 .text          0x080013f4       0xc8 c:/program files (x86)/atollic/truestudio for stm32 9.0.1/armtools/bin/../lib/gcc/arm-atollic-eabi/6.3.1/armv6-m\libgcc.a(gedf2.o)
                0x080013f4                __gedf2
                0x080013f4                __gtdf2
 .text          0x080014bc       0xc4 c:/program files (x86)/atollic/truestudio for stm32 9.0.1/armtools/bin/../lib/gcc/arm-atollic-eabi/6.3.1/armv6-m\libgcc.a(ledf2.o)
                0x080014bc                __ledf2
                0x080014bc                __ltdf2
 *(.text*)
 .text.HAL_Init
                0x08001580       0x28 Drivers\STM32L0xx_HAL_Driver\Src\stm32l0xx_hal.o
                0x08001580                HAL_Init
 .text.HAL_InitTick
                0x080015a8       0x3c Drivers\STM32L0xx_HAL_Driver\Src\stm32l0xx_hal.o
                0x080015a8                HAL_InitTick
 .text.HAL_IncTick
                0x080015e4       0x18 Drivers\STM32L0xx_HAL_Driver\Src\stm32l0xx_hal.o
                0x080015e4                HAL_IncTick
 .text.HAL_GetTick
                0x080015fc       0x14 Drivers\STM32L0xx_HAL_Driver\Src\stm32l0xx_hal.o
                0x080015fc                HAL_GetTick
 .text.HAL_Delay
                0x08001610       0x2e Drivers\STM32L0xx_HAL_Driver\Src\stm32l0xx_hal.o
                0x08001610                HAL_Delay
 *fill*         0x0800163e        0x2 
 .text.NVIC_SetPriority
                0x08001640       0xdc Drivers\STM32L0xx_HAL_Driver\Src\stm32l0xx_hal_cortex.o
 .text.SysTick_Config
                0x0800171c       0x48 Drivers\STM32L0xx_HAL_Driver\Src\stm32l0xx_hal_cortex.o
 .text.HAL_NVIC_SetPriority
                0x08001764       0x2c Drivers\STM32L0xx_HAL_Driver\Src\stm32l0xx_hal_cortex.o
                0x08001764                HAL_NVIC_SetPriority
 .text.HAL_SYSTICK_Config
                0x08001790       0x1a Drivers\STM32L0xx_HAL_Driver\Src\stm32l0xx_hal_cortex.o
                0x08001790                HAL_SYSTICK_Config
 *fill*         0x080017aa        0x2 
 .text.HAL_SYSTICK_CLKSourceConfig
                0x080017ac       0x34 Drivers\STM32L0xx_HAL_Driver\Src\stm32l0xx_hal_cortex.o
                0x080017ac                HAL_SYSTICK_CLKSourceConfig
 .text.HAL_SYSTICK_IRQHandler
                0x080017e0        0xe Drivers\STM32L0xx_HAL_Driver\Src\stm32l0xx_hal_cortex.o
                0x080017e0                HAL_SYSTICK_IRQHandler
 .text.HAL_SYSTICK_Callback
                0x080017ee        0xa Drivers\STM32L0xx_HAL_Driver\Src\stm32l0xx_hal_cortex.o
                0x080017ee                HAL_SYSTICK_Callback
 .text.HAL_DMA_IRQHandler
                0x080017f8      0x3d4 Drivers\STM32L0xx_HAL_Driver\Src\stm32l0xx_hal_dma.o
                0x080017f8                HAL_DMA_IRQHandler
 .text.HAL_GPIO_WritePin
                0x08001bcc       0x3a Drivers\STM32L0xx_HAL_Driver\Src\stm32l0xx_hal_gpio.o
                0x08001bcc                HAL_GPIO_WritePin
 *fill*         0x08001c06        0x2 
 .text.HAL_PWR_EnableBkUpAccess
                0x08001c08       0x1c Drivers\STM32L0xx_HAL_Driver\Src\stm32l0xx_hal_pwr.o
                0x08001c08                HAL_PWR_EnableBkUpAccess
 .text.HAL_RCC_OscConfig
                0x08001c24      0x744 Drivers\STM32L0xx_HAL_Driver\Src\stm32l0xx_hal_rcc.o
                0x08001c24                HAL_RCC_OscConfig
 .text.HAL_RCC_ClockConfig
                0x08002368      0x234 Drivers\STM32L0xx_HAL_Driver\Src\stm32l0xx_hal_rcc.o
                0x08002368                HAL_RCC_ClockConfig
 .text.HAL_RCC_GetSysClockFreq
                0x0800259c       0xfc Drivers\STM32L0xx_HAL_Driver\Src\stm32l0xx_hal_rcc.o
                0x0800259c                HAL_RCC_GetSysClockFreq
 .text.HAL_RCC_GetHCLKFreq
                0x08002698       0x14 Drivers\STM32L0xx_HAL_Driver\Src\stm32l0xx_hal_rcc.o
                0x08002698                HAL_RCC_GetHCLKFreq
 .text.RCC_SetFlashLatencyFromMSIRange
                0x080026ac       0xb0 Drivers\STM32L0xx_HAL_Driver\Src\stm32l0xx_hal_rcc.o
 .text.HAL_RCCEx_PeriphCLKConfig
                0x0800275c      0x288 Drivers\STM32L0xx_HAL_Driver\Src\stm32l0xx_hal_rcc_ex.o
                0x0800275c                HAL_RCCEx_PeriphCLKConfig
 .text.HAL_RTC_Init
                0x080029e4      0x108 Drivers\STM32L0xx_HAL_Driver\Src\stm32l0xx_hal_rtc.o
                0x080029e4                HAL_RTC_Init
 .text.HAL_RTC_SetTime
                0x08002aec      0x19c Drivers\STM32L0xx_HAL_Driver\Src\stm32l0xx_hal_rtc.o
                0x08002aec                HAL_RTC_SetTime
 .text.HAL_RTC_GetTime
                0x08002c88       0xbc Drivers\STM32L0xx_HAL_Driver\Src\stm32l0xx_hal_rtc.o
                0x08002c88                HAL_RTC_GetTime
 .text.HAL_RTC_SetDate
                0x08002d44      0x17c Drivers\STM32L0xx_HAL_Driver\Src\stm32l0xx_hal_rtc.o
                0x08002d44                HAL_RTC_SetDate
 .text.HAL_RTC_GetDate
                0x08002ec0       0xa0 Drivers\STM32L0xx_HAL_Driver\Src\stm32l0xx_hal_rtc.o
                0x08002ec0                HAL_RTC_GetDate
 .text.HAL_RTC_WaitForSynchro
                0x08002f60       0x52 Drivers\STM32L0xx_HAL_Driver\Src\stm32l0xx_hal_rtc.o
                0x08002f60                HAL_RTC_WaitForSynchro
 .text.RTC_EnterInitMode
                0x08002fb2       0x58 Drivers\STM32L0xx_HAL_Driver\Src\stm32l0xx_hal_rtc.o
                0x08002fb2                RTC_EnterInitMode
 .text.RTC_ByteToBcd2
                0x0800300a       0x42 Drivers\STM32L0xx_HAL_Driver\Src\stm32l0xx_hal_rtc.o
                0x0800300a                RTC_ByteToBcd2
 .text.RTC_Bcd2ToByte
                0x0800304c       0x3e Drivers\STM32L0xx_HAL_Driver\Src\stm32l0xx_hal_rtc.o
                0x0800304c                RTC_Bcd2ToByte
 .text.HAL_TIM_PWM_Start
                0x0800308a       0x32 Drivers\STM32L0xx_HAL_Driver\Src\stm32l0xx_hal_tim.o
                0x0800308a                HAL_TIM_PWM_Start
 .text.HAL_TIM_PWM_Stop
                0x080030bc       0x4c Drivers\STM32L0xx_HAL_Driver\Src\stm32l0xx_hal_tim.o
                0x080030bc                HAL_TIM_PWM_Stop
 .text.HAL_TIM_PWM_ConfigChannel
                0x08003108      0x170 Drivers\STM32L0xx_HAL_Driver\Src\stm32l0xx_hal_tim.o
                0x08003108                HAL_TIM_PWM_ConfigChannel
 .text.TIM_OC1_SetConfig
                0x08003278       0x84 Drivers\STM32L0xx_HAL_Driver\Src\stm32l0xx_hal_tim.o
 .text.TIM_OC2_SetConfig
                0x080032fc       0x90 Drivers\STM32L0xx_HAL_Driver\Src\stm32l0xx_hal_tim.o
 .text.TIM_OC3_SetConfig
                0x0800338c       0x8c Drivers\STM32L0xx_HAL_Driver\Src\stm32l0xx_hal_tim.o
 .text.TIM_OC4_SetConfig
                0x08003418       0x98 Drivers\STM32L0xx_HAL_Driver\Src\stm32l0xx_hal_tim.o
 .text.TIM_CCxChannelCmd
                0x080034b0       0x42 Drivers\STM32L0xx_HAL_Driver\Src\stm32l0xx_hal_tim.o
 *fill*         0x080034f2        0x2 
 .text.TSL_tim_ProcessIT
                0x080034f4       0x58 Middlewares\ST\STM32_TouchSensing_Library\src\tsl_time.o
                0x080034f4                TSL_tim_ProcessIT
 .text.led_start
                0x0800354c       0x6c Src\led.o
                0x0800354c                led_start
 .text.led_stop
                0x080035b8       0x44 Src\led.o
                0x080035b8                led_stop
 .text.led_change_color
                0x080035fc      0x118 Src\led.o
                0x080035fc                led_change_color
 .text.LED_ProcessIT
                0x08003714      0x12c Src\led.o
                0x08003714                LED_ProcessIT
 .text.main     0x08003840       0x60 Src\main.o
                0x08003840                main
 .text.MAIN_TimerIT
                0x080038a0       0x5c Src\main.o
                0x080038a0                MAIN_TimerIT
 .text.SystemClock_ConfigHigh
                0x080038fc      0x124 Src\main.o
                0x080038fc                SystemClock_ConfigHigh
 .text._Error_Handler
                0x08003a20        0xc Src\main.o
                0x08003a20                _Error_Handler
 .text.mot_power_on
                0x08003a2c       0x18 Src\power.o
                0x08003a2c                mot_power_on
 .text.mot_power_off
                0x08003a44       0x18 Src\power.o
                0x08003a44                mot_power_off
 .text.PRINTER_Print_ProcessIT
                0x08003a5c      0x26c Src\printer.o
                0x08003a5c                PRINTER_Print_ProcessIT
 .text.printer_do_step
                0x08003cc8      0x178 Src\printer.o
                0x08003cc8                printer_do_step
 .text.DMA1_Channel1_IRQHandler
                0x08003e40       0x18 Src\printer.o
                0x08003e40                DMA1_Channel1_IRQHandler
 .text.rtc_init
                0x08003e58       0xcc Src\rtc.o
                0x08003e58                rtc_init
 .text.rtc_get_time
                0x08003f24       0x40 Src\rtc.o
                0x08003f24                rtc_get_time
 .text.HAL_MspInit
                0x08003f64       0x54 Src\stm32l0xx_hal_msp.o
                0x08003f64                HAL_MspInit
 .text.HAL_RTC_MspInit
                0x08003fb8       0x30 Src\stm32l0xx_hal_msp.o
                0x08003fb8                HAL_RTC_MspInit
 .text.NMI_Handler
                0x08003fe8        0xa Src\stm32l0xx_it.o
                0x08003fe8                NMI_Handler
 .text.HardFault_Handler
                0x08003ff2        0x6 Src\stm32l0xx_it.o
                0x08003ff2                HardFault_Handler
 .text.SVC_Handler
                0x08003ff8        0xa Src\stm32l0xx_it.o
                0x08003ff8                SVC_Handler
 .text.PendSV_Handler
                0x08004002        0xa Src\stm32l0xx_it.o
                0x08004002                PendSV_Handler
 .text.SysTick_Handler
                0x0800400c       0x34 Src\stm32l0xx_it.o
                0x0800400c                SysTick_Handler
 .text.SystemInit
                0x08004040       0x7c Src\system_stm32l0xx.o
                0x08004040                SystemInit
 .text.Reset_Handler
                0x080040bc       0x50 startup\startup_stm32l052xx.o
                0x080040bc                Reset_Handler
 .text.Default_Handler
                0x0800410c        0x2 startup\startup_stm32l052xx.o
                0x0800410c                TSC_IRQHandler
                0x0800410c                ADC1_COMP_IRQHandler
                0x0800410c                PVD_IRQHandler
                0x0800410c                I2C1_IRQHandler
                0x0800410c                RCC_CRS_IRQHandler
                0x0800410c                SPI1_IRQHandler
                0x0800410c                TIM6_DAC_IRQHandler
                0x0800410c                EXTI2_3_IRQHandler
                0x0800410c                I2C2_IRQHandler
                0x0800410c                RTC_IRQHandler
                0x0800410c                DMA1_Channel4_5_6_7_IRQHandler
                0x0800410c                EXTI4_15_IRQHandler
                0x0800410c                Default_Handler
                0x0800410c                TIM22_IRQHandler
                0x0800410c                EXTI0_1_IRQHandler
                0x0800410c                USB_IRQHandler
                0x0800410c                SPI2_IRQHandler
                0x0800410c                TIM21_IRQHandler
                0x0800410c                WWDG_IRQHandler
                0x0800410c                TIM2_IRQHandler
                0x0800410c                DMA1_Channel2_3_IRQHandler
                0x0800410c                USART2_IRQHandler
                0x0800410c                FLASH_IRQHandler
                0x0800410c                USART1_IRQHandler
                0x0800410c                RNG_LPUART1_IRQHandler
                0x0800410c                LPTIM1_IRQHandler
 *fill*         0x0800410e        0x2 
 .text.__libc_init_array
                0x08004110       0x48 c:/program files (x86)/atollic/truestudio for stm32 9.0.1/armtools/bin/../lib/gcc/arm-atollic-eabi/6.3.1/../../../../arm-atollic-eabi/lib/armv6-m\libc_nano.a(lib_a-init.o)
                0x08004110                __libc_init_array
 .text.memset   0x08004158       0x10 c:/program files (x86)/atollic/truestudio for stm32 9.0.1/armtools/bin/../lib/gcc/arm-atollic-eabi/6.3.1/../../../../arm-atollic-eabi/lib/armv6-m\libc_nano.a(lib_a-memset.o)
                0x08004158                memset
 *(.glue_7)
 .glue_7        0x08004168        0x0 linker stubs
 *(.glue_7t)
 .glue_7t       0x08004168        0x0 linker stubs
 *(.eh_frame)
 .eh_frame      0x08004168        0x0 c:/program files (x86)/atollic/truestudio for stm32 9.0.1/armtools/bin/../lib/gcc/arm-atollic-eabi/6.3.1/armv6-m/crtbegin.o
 *(.init)
 .init          0x08004168        0x4 c:/program files (x86)/atollic/truestudio for stm32 9.0.1/armtools/bin/../lib/gcc/arm-atollic-eabi/6.3.1/armv6-m/crti.o
                0x08004168                _init
 .init          0x0800416c        0x8 c:/program files (x86)/atollic/truestudio for stm32 9.0.1/armtools/bin/../lib/gcc/arm-atollic-eabi/6.3.1/armv6-m/crtn.o
 *(.fini)
 .fini          0x08004174        0x4 c:/program files (x86)/atollic/truestudio for stm32 9.0.1/armtools/bin/../lib/gcc/arm-atollic-eabi/6.3.1/armv6-m/crti.o
                0x08004174                _fini
 .fini          0x08004178        0x8 c:/program files (x86)/atollic/truestudio for stm32 9.0.1/armtools/bin/../lib/gcc/arm-atollic-eabi/6.3.1/armv6-m/crtn.o
                0x08004180                . = ALIGN (0x4)
                0x08004180                _etext = .

.vfp11_veneer   0x08004180        0x0
 .vfp11_veneer  0x08004180        0x0 linker stubs

.v4_bx          0x08004180        0x0
 .v4_bx         0x08004180        0x0 linker stubs

.iplt           0x08004180        0x0
 .iplt          0x08004180        0x0 c:/program files (x86)/atollic/truestudio for stm32 9.0.1/armtools/bin/../lib/gcc/arm-atollic-eabi/6.3.1/armv6-m/crtbegin.o

.rodata         0x08004180       0xcc
                0x08004180                . = ALIGN (0x4)
 *(.rodata)
 .rodata        0x08004180        0xd Src\led.o
 *fill*         0x0800418d        0x3 
 .rodata        0x08004190        0xe Src\main.o
 *fill*         0x0800419e        0x2 
 .rodata        0x080041a0        0xd Src\rtc.o
 *fill*         0x080041ad        0x3 
 .rodata        0x080041b0       0x40 c:/program files (x86)/atollic/truestudio for stm32 9.0.1/armtools/bin/../lib/gcc/arm-atollic-eabi/6.3.1/armv6-m\libgcc.a(mulsf3.o)
 .rodata        0x080041f0       0x40 c:/program files (x86)/atollic/truestudio for stm32 9.0.1/armtools/bin/../lib/gcc/arm-atollic-eabi/6.3.1/armv6-m\libgcc.a(divdf3.o)
 *(.rodata*)
 .rodata.AHBPrescTable
                0x08004230       0x10 Src\system_stm32l0xx.o
                0x08004230                AHBPrescTable
 .rodata.PLLMulTable
                0x08004240        0x9 Src\system_stm32l0xx.o
                0x08004240                PLLMulTable
                0x0800424c                . = ALIGN (0x4)
 *fill*         0x08004249        0x3 

.rel.dyn        0x0800424c        0x0
 .rel.iplt      0x0800424c        0x0 c:/program files (x86)/atollic/truestudio for stm32 9.0.1/armtools/bin/../lib/gcc/arm-atollic-eabi/6.3.1/armv6-m/crtbegin.o

.ARM.extab
 *(.ARM.extab* .gnu.linkonce.armextab.*)

.ARM            0x0800424c        0x0
                0x0800424c                __exidx_start = .
 *(.ARM.exidx*)
                0x0800424c                __exidx_end = .

.preinit_array  0x0800424c        0x0
                0x0800424c                PROVIDE (__preinit_array_start, .)
 *(.preinit_array*)
                0x0800424c                PROVIDE (__preinit_array_end, .)

.init_array     0x0800424c        0x4
                0x0800424c                PROVIDE (__init_array_start, .)
 *(SORT(.init_array.*))
 *(.init_array*)
 .init_array    0x0800424c        0x4 c:/program files (x86)/atollic/truestudio for stm32 9.0.1/armtools/bin/../lib/gcc/arm-atollic-eabi/6.3.1/armv6-m/crtbegin.o
                0x08004250                PROVIDE (__init_array_end, .)

.fini_array     0x08004250        0x4
                [!provide]                PROVIDE (__fini_array_start, .)
 *(SORT(.fini_array.*))
 *(.fini_array*)
 .fini_array    0x08004250        0x4 c:/program files (x86)/atollic/truestudio for stm32 9.0.1/armtools/bin/../lib/gcc/arm-atollic-eabi/6.3.1/armv6-m/crtbegin.o
                [!provide]                PROVIDE (__fini_array_end, .)
                0x08004254                _sidata = LOADADDR (.data)

.data           0x20000000        0x8 load address 0x08004254
                0x20000000                . = ALIGN (0x4)
                0x20000000                _sdata = .
 *(.data)
 *(.data*)
 .data.direction.7220
                0x20000000        0x1 Src\led.o
 *fill*         0x20000001        0x3 
 .data.SystemCoreClock
                0x20000004        0x4 Src\system_stm32l0xx.o
                0x20000004                SystemCoreClock
                0x20000008                . = ALIGN (0x4)
                0x20000008                _edata = .

.igot.plt       0x20000008        0x0 load address 0x0800425c
 .igot.plt      0x20000008        0x0 c:/program files (x86)/atollic/truestudio for stm32 9.0.1/armtools/bin/../lib/gcc/arm-atollic-eabi/6.3.1/armv6-m/crtbegin.o
                0x20000008                . = ALIGN (0x4)

.bss            0x20000008      0x538 load address 0x0800425c
                0x20000008                _sbss = .
                0x20000008                __bss_start__ = _sbss
 *(.bss)
 .bss           0x20000008       0x1c c:/program files (x86)/atollic/truestudio for stm32 9.0.1/armtools/bin/../lib/gcc/arm-atollic-eabi/6.3.1/armv6-m/crtbegin.o
 *(.bss*)
 .bss.count_1s.7611
                0x20000024        0x2 Middlewares\ST\STM32_TouchSensing_Library\src\tsl_time.o
 *fill*         0x20000026        0x2 
 .bss.htim2     0x20000028       0x38 Src\led.o
 .bss.led_active
                0x20000060        0x1 Src\led.o
 .bss.eColor    0x20000061        0x1 Src\led.o
 .bss.eType     0x20000062        0x1 Src\led.o
 *fill*         0x20000063        0x1 
 .bss.cnt.7218  0x20000064        0x4 Src\led.o
 .bss.flag_10ms.7219
                0x20000068        0x1 Src\led.o
 *fill*         0x20000069        0x3 
 .bss.i.7217    0x2000006c        0x4 Src\led.o
 .bss.state     0x20000070        0x1 Src\main.o
                0x20000070                state
 *fill*         0x20000071        0x3 
 .bss.maintimer
                0x20000074        0x4 Src\main.o
                0x20000074                maintimer
 .bss.cnt.7756  0x20000078        0x4 Src\main.o
 .bss.eOldState.7757
                0x2000007c        0x1 Src\main.o
 *fill*         0x2000007d        0x3 
 .bss.matrix_array
                0x20000080      0x3c0 Src\printer.o
                0x20000080                matrix_array
 .bss.print_flag
                0x20000440        0x1 Src\printer.o
                0x20000440                print_flag
 .bss.eState.7252
                0x20000441        0x1 Src\printer.o
 *fill*         0x20000442        0x2 
 .bss.rows.7248
                0x20000444        0x4 Src\printer.o
 .bss.columns.7249
                0x20000448        0x4 Src\printer.o
 .bss.matrix_value.7250
                0x2000044c        0x1 Src\printer.o
 *fill*         0x2000044d        0x3 
 .bss.timer.7251
                0x20000450        0x4 Src\printer.o
 .bss.cstep.7270
                0x20000454        0x1 Src\printer.o
 *(COMMON)
 *fill*         0x20000455        0x3 
 COMMON         0x20000458        0x4 Drivers\STM32L0xx_HAL_Driver\Src\stm32l0xx_hal.o
                0x20000458                uwTick
 COMMON         0x2000045c       0x18 Middlewares\ST\STM32_TouchSensing_Library\src\tsl_globals.o
                0x2000045c                TSL_Globals
 COMMON         0x20000474       0xa8 Src\printer.o
                0x20000474                pcPrinterMessage
                0x20000478                ADC1ConvertedValue
                0x2000047c                hdma_adc
                0x200004bc                hadc
 COMMON         0x2000051c       0x24 Src\rtc.o
                0x2000051c                hrtc
                0x20000540                . = ALIGN (0x4)
                0x20000540                _ebss = .
                0x20000540                __bss_end__ = _ebss

._user_heap_stack
                0x20000540      0x600 load address 0x0800425c
                0x20000540                . = ALIGN (0x4)
                [!provide]                PROVIDE (end, .)
                [!provide]                PROVIDE (_end, .)
                0x20000740                . = (. + _Min_Heap_Size)
 *fill*         0x20000540      0x200 
                0x20000b40                . = (. + _Min_Stack_Size)
 *fill*         0x20000740      0x400 
                0x20000b40                . = ALIGN (0x4)

/DISCARD/
 libc.a(*)
 libm.a(*)
 libgcc.a(*)

.ARM.attributes
                0x00000000       0x28
 *(.ARM.attributes)
 .ARM.attributes
                0x00000000       0x1e c:/program files (x86)/atollic/truestudio for stm32 9.0.1/armtools/bin/../lib/gcc/arm-atollic-eabi/6.3.1/armv6-m/crti.o
 .ARM.attributes
                0x0000001e       0x2c c:/program files (x86)/atollic/truestudio for stm32 9.0.1/armtools/bin/../lib/gcc/arm-atollic-eabi/6.3.1/armv6-m/crtbegin.o
 .ARM.attributes
                0x0000004a       0x32 Drivers\STM32L0xx_HAL_Driver\Src\stm32l0xx_hal.o
 .ARM.attributes
                0x0000007c       0x32 Drivers\STM32L0xx_HAL_Driver\Src\stm32l0xx_hal_cortex.o
 .ARM.attributes
                0x000000ae       0x32 Drivers\STM32L0xx_HAL_Driver\Src\stm32l0xx_hal_dma.o
 .ARM.attributes
                0x000000e0       0x32 Drivers\STM32L0xx_HAL_Driver\Src\stm32l0xx_hal_gpio.o
 .ARM.attributes
                0x00000112       0x32 Drivers\STM32L0xx_HAL_Driver\Src\stm32l0xx_hal_pwr.o
 .ARM.attributes
                0x00000144       0x32 Drivers\STM32L0xx_HAL_Driver\Src\stm32l0xx_hal_rcc.o
 .ARM.attributes
                0x00000176       0x32 Drivers\STM32L0xx_HAL_Driver\Src\stm32l0xx_hal_rcc_ex.o
 .ARM.attributes
                0x000001a8       0x32 Drivers\STM32L0xx_HAL_Driver\Src\stm32l0xx_hal_rtc.o
 .ARM.attributes
                0x000001da       0x32 Drivers\STM32L0xx_HAL_Driver\Src\stm32l0xx_hal_tim.o
 .ARM.attributes
                0x0000020c       0x32 Middlewares\ST\STM32_TouchSensing_Library\src\tsl_globals.o
 .ARM.attributes
                0x0000023e       0x32 Middlewares\ST\STM32_TouchSensing_Library\src\tsl_time.o
 .ARM.attributes
                0x00000270       0x32 Src\led.o
 .ARM.attributes
                0x000002a2       0x32 Src\main.o
 .ARM.attributes
                0x000002d4       0x32 Src\power.o
 .ARM.attributes
                0x00000306       0x32 Src\printer.o
 .ARM.attributes
                0x00000338       0x32 Src\rtc.o
 .ARM.attributes
                0x0000036a       0x32 Src\stm32l0xx_hal_msp.o
 .ARM.attributes
                0x0000039c       0x32 Src\stm32l0xx_it.o
 .ARM.attributes
                0x000003ce       0x32 Src\system_stm32l0xx.o
 .ARM.attributes
                0x00000400       0x22 startup\startup_stm32l052xx.o
 .ARM.attributes
                0x00000422       0x2c c:/program files (x86)/atollic/truestudio for stm32 9.0.1/armtools/bin/../lib/gcc/arm-atollic-eabi/6.3.1/../../../../arm-atollic-eabi/lib/armv6-m\libc_nano.a(lib_a-init.o)
 .ARM.attributes
                0x0000044e       0x2c c:/program files (x86)/atollic/truestudio for stm32 9.0.1/armtools/bin/../lib/gcc/arm-atollic-eabi/6.3.1/../../../../arm-atollic-eabi/lib/armv6-m\libc_nano.a(lib_a-memset.o)
 .ARM.attributes
                0x0000047a       0x1e c:/program files (x86)/atollic/truestudio for stm32 9.0.1/armtools/bin/../lib/gcc/arm-atollic-eabi/6.3.1/armv6-m\libgcc.a(_udivsi3.o)
 .ARM.attributes
                0x00000498       0x1e c:/program files (x86)/atollic/truestudio for stm32 9.0.1/armtools/bin/../lib/gcc/arm-atollic-eabi/6.3.1/armv6-m\libgcc.a(_dvmd_tls.o)
 .ARM.attributes
                0x000004b6       0x2c c:/program files (x86)/atollic/truestudio for stm32 9.0.1/armtools/bin/../lib/gcc/arm-atollic-eabi/6.3.1/armv6-m\libgcc.a(_fixunsdfsi.o)
 .ARM.attributes
                0x000004e2       0x2c c:/program files (x86)/atollic/truestudio for stm32 9.0.1/armtools/bin/../lib/gcc/arm-atollic-eabi/6.3.1/armv6-m\libgcc.a(mulsf3.o)
 .ARM.attributes
                0x0000050e       0x2c c:/program files (x86)/atollic/truestudio for stm32 9.0.1/armtools/bin/../lib/gcc/arm-atollic-eabi/6.3.1/armv6-m\libgcc.a(floatunsisf.o)
 .ARM.attributes
                0x0000053a       0x2c c:/program files (x86)/atollic/truestudio for stm32 9.0.1/armtools/bin/../lib/gcc/arm-atollic-eabi/6.3.1/armv6-m\libgcc.a(divdf3.o)
 .ARM.attributes
                0x00000566       0x2c c:/program files (x86)/atollic/truestudio for stm32 9.0.1/armtools/bin/../lib/gcc/arm-atollic-eabi/6.3.1/armv6-m\libgcc.a(subdf3.o)
 .ARM.attributes
                0x00000592       0x2c c:/program files (x86)/atollic/truestudio for stm32 9.0.1/armtools/bin/../lib/gcc/arm-atollic-eabi/6.3.1/armv6-m\libgcc.a(fixdfsi.o)
 .ARM.attributes
                0x000005be       0x2c c:/program files (x86)/atollic/truestudio for stm32 9.0.1/armtools/bin/../lib/gcc/arm-atollic-eabi/6.3.1/armv6-m\libgcc.a(extendsfdf2.o)
 .ARM.attributes
                0x000005ea       0x1e c:/program files (x86)/atollic/truestudio for stm32 9.0.1/armtools/bin/../lib/gcc/arm-atollic-eabi/6.3.1/armv6-m\libgcc.a(_arm_cmpdf2.o)
 .ARM.attributes
                0x00000608       0x1e c:/program files (x86)/atollic/truestudio for stm32 9.0.1/armtools/bin/../lib/gcc/arm-atollic-eabi/6.3.1/armv6-m\libgcc.a(_clzsi2.o)
 .ARM.attributes
                0x00000626       0x2c c:/program files (x86)/atollic/truestudio for stm32 9.0.1/armtools/bin/../lib/gcc/arm-atollic-eabi/6.3.1/armv6-m\libgcc.a(eqdf2.o)
 .ARM.attributes
                0x00000652       0x2c c:/program files (x86)/atollic/truestudio for stm32 9.0.1/armtools/bin/../lib/gcc/arm-atollic-eabi/6.3.1/armv6-m\libgcc.a(gedf2.o)
 .ARM.attributes
                0x0000067e       0x2c c:/program files (x86)/atollic/truestudio for stm32 9.0.1/armtools/bin/../lib/gcc/arm-atollic-eabi/6.3.1/armv6-m\libgcc.a(ledf2.o)
 .ARM.attributes
                0x000006aa       0x1e c:/program files (x86)/atollic/truestudio for stm32 9.0.1/armtools/bin/../lib/gcc/arm-atollic-eabi/6.3.1/armv6-m/crtn.o
OUTPUT(asd.elf elf32-littlearm)

.debug_info     0x00000000    0x1555c
 .debug_info    0x00000000      0xf44 Drivers\STM32L0xx_HAL_Driver\Src\stm32l0xx_hal.o
 .debug_info    0x00000f44     0x1052 Drivers\STM32L0xx_HAL_Driver\Src\stm32l0xx_hal_cortex.o
 .debug_info    0x00001f96      0xe5c Drivers\STM32L0xx_HAL_Driver\Src\stm32l0xx_hal_dma.o
 .debug_info    0x00002df2      0xed1 Drivers\STM32L0xx_HAL_Driver\Src\stm32l0xx_hal_gpio.o
 .debug_info    0x00003cc3      0xe56 Drivers\STM32L0xx_HAL_Driver\Src\stm32l0xx_hal_pwr.o
 .debug_info    0x00004b19     0x1132 Drivers\STM32L0xx_HAL_Driver\Src\stm32l0xx_hal_rcc.o
 .debug_info    0x00005c4b     0x1017 Drivers\STM32L0xx_HAL_Driver\Src\stm32l0xx_hal_rcc_ex.o
 .debug_info    0x00006c62     0x12b8 Drivers\STM32L0xx_HAL_Driver\Src\stm32l0xx_hal_rtc.o
 .debug_info    0x00007f1a     0x2924 Drivers\STM32L0xx_HAL_Driver\Src\stm32l0xx_hal_tim.o
 .debug_info    0x0000a83e     0x10bf Middlewares\ST\STM32_TouchSensing_Library\src\tsl_globals.o
 .debug_info    0x0000b8fd     0x1215 Middlewares\ST\STM32_TouchSensing_Library\src\tsl_time.o
 .debug_info    0x0000cb12     0x11ef Src\led.o
 .debug_info    0x0000dd01     0x1c3c Src\main.o
 .debug_info    0x0000f93d      0xc0c Src\power.o
 .debug_info    0x00010549     0x15ca Src\printer.o
 .debug_info    0x00011b13      0xce7 Src\rtc.o
 .debug_info    0x000127fa     0x1607 Src\stm32l0xx_hal_msp.o
 .debug_info    0x00013e01      0xb57 Src\stm32l0xx_it.o
 .debug_info    0x00014958      0xb99 Src\system_stm32l0xx.o
 .debug_info    0x000154f1       0x6b startup\startup_stm32l052xx.o

.debug_abbrev   0x00000000     0x2af5
 .debug_abbrev  0x00000000      0x271 Drivers\STM32L0xx_HAL_Driver\Src\stm32l0xx_hal.o
 .debug_abbrev  0x00000271      0x30f Drivers\STM32L0xx_HAL_Driver\Src\stm32l0xx_hal_cortex.o
 .debug_abbrev  0x00000580      0x241 Drivers\STM32L0xx_HAL_Driver\Src\stm32l0xx_hal_dma.o
 .debug_abbrev  0x000007c1      0x243 Drivers\STM32L0xx_HAL_Driver\Src\stm32l0xx_hal_gpio.o
 .debug_abbrev  0x00000a04      0x22c Drivers\STM32L0xx_HAL_Driver\Src\stm32l0xx_hal_pwr.o
 .debug_abbrev  0x00000c30      0x2b5 Drivers\STM32L0xx_HAL_Driver\Src\stm32l0xx_hal_rcc.o
 .debug_abbrev  0x00000ee5      0x26d Drivers\STM32L0xx_HAL_Driver\Src\stm32l0xx_hal_rcc_ex.o
 .debug_abbrev  0x00001152      0x27b Drivers\STM32L0xx_HAL_Driver\Src\stm32l0xx_hal_rtc.o
 .debug_abbrev  0x000013cd      0x2ab Drivers\STM32L0xx_HAL_Driver\Src\stm32l0xx_hal_tim.o
 .debug_abbrev  0x00001678      0x18f Middlewares\ST\STM32_TouchSensing_Library\src\tsl_globals.o
 .debug_abbrev  0x00001807      0x1ec Middlewares\ST\STM32_TouchSensing_Library\src\tsl_time.o
 .debug_abbrev  0x000019f3      0x230 Src\led.o
 .debug_abbrev  0x00001c23      0x2a1 Src\main.o
 .debug_abbrev  0x00001ec4      0x1cd Src\power.o
 .debug_abbrev  0x00002091      0x2f7 Src\printer.o
 .debug_abbrev  0x00002388      0x1d9 Src\rtc.o
 .debug_abbrev  0x00002561      0x210 Src\stm32l0xx_hal_msp.o
 .debug_abbrev  0x00002771      0x1a8 Src\stm32l0xx_it.o
 .debug_abbrev  0x00002919      0x1ca Src\system_stm32l0xx.o
 .debug_abbrev  0x00002ae3       0x12 startup\startup_stm32l052xx.o

.debug_aranges  0x00000000      0xb38
 .debug_aranges
                0x00000000       0xe0 Drivers\STM32L0xx_HAL_Driver\Src\stm32l0xx_hal.o
 .debug_aranges
                0x000000e0       0xc8 Drivers\STM32L0xx_HAL_Driver\Src\stm32l0xx_hal_cortex.o
 .debug_aranges
                0x000001a8       0x70 Drivers\STM32L0xx_HAL_Driver\Src\stm32l0xx_hal_dma.o
 .debug_aranges
                0x00000218       0x58 Drivers\STM32L0xx_HAL_Driver\Src\stm32l0xx_hal_gpio.o
 .debug_aranges
                0x00000270       0xa0 Drivers\STM32L0xx_HAL_Driver\Src\stm32l0xx_hal_pwr.o
 .debug_aranges
                0x00000310       0x88 Drivers\STM32L0xx_HAL_Driver\Src\stm32l0xx_hal_rcc.o
 .debug_aranges
                0x00000398       0xb0 Drivers\STM32L0xx_HAL_Driver\Src\stm32l0xx_hal_rcc_ex.o
 .debug_aranges
                0x00000448       0xb8 Drivers\STM32L0xx_HAL_Driver\Src\stm32l0xx_hal_rtc.o
 .debug_aranges
                0x00000500      0x368 Drivers\STM32L0xx_HAL_Driver\Src\stm32l0xx_hal_tim.o
 .debug_aranges
                0x00000868       0x18 Middlewares\ST\STM32_TouchSensing_Library\src\tsl_globals.o
 .debug_aranges
                0x00000880       0x30 Middlewares\ST\STM32_TouchSensing_Library\src\tsl_time.o
 .debug_aranges
                0x000008b0       0x50 Src\led.o
 .debug_aranges
                0x00000900       0x48 Src\main.o
 .debug_aranges
                0x00000948       0x48 Src\power.o
 .debug_aranges
                0x00000990       0x98 Src\printer.o
 .debug_aranges
                0x00000a28       0x28 Src\rtc.o
 .debug_aranges
                0x00000a50       0x58 Src\stm32l0xx_hal_msp.o
 .debug_aranges
                0x00000aa8       0x40 Src\stm32l0xx_it.o
 .debug_aranges
                0x00000ae8       0x28 Src\system_stm32l0xx.o
 .debug_aranges
                0x00000b10       0x28 startup\startup_stm32l052xx.o

.debug_ranges   0x00000000      0x9f8
 .debug_ranges  0x00000000       0xd0 Drivers\STM32L0xx_HAL_Driver\Src\stm32l0xx_hal.o
 .debug_ranges  0x000000d0       0xb8 Drivers\STM32L0xx_HAL_Driver\Src\stm32l0xx_hal_cortex.o
 .debug_ranges  0x00000188       0x60 Drivers\STM32L0xx_HAL_Driver\Src\stm32l0xx_hal_dma.o
 .debug_ranges  0x000001e8       0x48 Drivers\STM32L0xx_HAL_Driver\Src\stm32l0xx_hal_gpio.o
 .debug_ranges  0x00000230       0x90 Drivers\STM32L0xx_HAL_Driver\Src\stm32l0xx_hal_pwr.o
 .debug_ranges  0x000002c0       0x78 Drivers\STM32L0xx_HAL_Driver\Src\stm32l0xx_hal_rcc.o
 .debug_ranges  0x00000338       0xa0 Drivers\STM32L0xx_HAL_Driver\Src\stm32l0xx_hal_rcc_ex.o
 .debug_ranges  0x000003d8       0xa8 Drivers\STM32L0xx_HAL_Driver\Src\stm32l0xx_hal_rtc.o
 .debug_ranges  0x00000480      0x358 Drivers\STM32L0xx_HAL_Driver\Src\stm32l0xx_hal_tim.o
 .debug_ranges  0x000007d8       0x20 Middlewares\ST\STM32_TouchSensing_Library\src\tsl_time.o
 .debug_ranges  0x000007f8       0x40 Src\led.o
 .debug_ranges  0x00000838       0x38 Src\main.o
 .debug_ranges  0x00000870       0x38 Src\power.o
 .debug_ranges  0x000008a8       0x88 Src\printer.o
 .debug_ranges  0x00000930       0x18 Src\rtc.o
 .debug_ranges  0x00000948       0x48 Src\stm32l0xx_hal_msp.o
 .debug_ranges  0x00000990       0x30 Src\stm32l0xx_it.o
 .debug_ranges  0x000009c0       0x18 Src\system_stm32l0xx.o
 .debug_ranges  0x000009d8       0x20 startup\startup_stm32l052xx.o

.debug_line     0x00000000     0x5f5e
 .debug_line    0x00000000      0x464 Drivers\STM32L0xx_HAL_Driver\Src\stm32l0xx_hal.o
 .debug_line    0x00000464      0x49a Drivers\STM32L0xx_HAL_Driver\Src\stm32l0xx_hal_cortex.o
 .debug_line    0x000008fe      0x92d Drivers\STM32L0xx_HAL_Driver\Src\stm32l0xx_hal_dma.o
 .debug_line    0x0000122b      0x41b Drivers\STM32L0xx_HAL_Driver\Src\stm32l0xx_hal_gpio.o
 .debug_line    0x00001646      0x430 Drivers\STM32L0xx_HAL_Driver\Src\stm32l0xx_hal_pwr.o
 .debug_line    0x00001a76      0x559 Drivers\STM32L0xx_HAL_Driver\Src\stm32l0xx_hal_rcc.o
 .debug_line    0x00001fcf      0x588 Drivers\STM32L0xx_HAL_Driver\Src\stm32l0xx_hal_rcc_ex.o
 .debug_line    0x00002557      0x634 Drivers\STM32L0xx_HAL_Driver\Src\stm32l0xx_hal_rtc.o
 .debug_line    0x00002b8b     0x11a9 Drivers\STM32L0xx_HAL_Driver\Src\stm32l0xx_hal_tim.o
 .debug_line    0x00003d34      0x2b2 Middlewares\ST\STM32_TouchSensing_Library\src\tsl_globals.o
 .debug_line    0x00003fe6      0x331 Middlewares\ST\STM32_TouchSensing_Library\src\tsl_time.o
 .debug_line    0x00004317      0x3e7 Src\led.o
 .debug_line    0x000046fe      0x460 Src\main.o
 .debug_line    0x00004b5e      0x2b5 Src\power.o
 .debug_line    0x00004e13      0x58d Src\printer.o
 .debug_line    0x000053a0      0x28a Src\rtc.o
 .debug_line    0x0000562a      0x36e Src\stm32l0xx_hal_msp.o
 .debug_line    0x00005998      0x2cb Src\stm32l0xx_it.o
 .debug_line    0x00005c63      0x278 Src\system_stm32l0xx.o
 .debug_line    0x00005edb       0x83 startup\startup_stm32l052xx.o

.debug_str      0x00000000     0x4449
 .debug_str     0x00000000      0xaee Drivers\STM32L0xx_HAL_Driver\Src\stm32l0xx_hal.o
                                0xb82 (size before relaxing)
 .debug_str     0x00000aee      0x2e5 Drivers\STM32L0xx_HAL_Driver\Src\stm32l0xx_hal_cortex.o
                                0xb22 (size before relaxing)
 .debug_str     0x00000dd3      0x32a Drivers\STM32L0xx_HAL_Driver\Src\stm32l0xx_hal_dma.o
                                0x995 (size before relaxing)
 .debug_str     0x000010fd      0x1a4 Drivers\STM32L0xx_HAL_Driver\Src\stm32l0xx_hal_gpio.o
                                0x8b3 (size before relaxing)
 .debug_str     0x000012a1      0x224 Drivers\STM32L0xx_HAL_Driver\Src\stm32l0xx_hal_pwr.o
                                0x8fc (size before relaxing)
 .debug_str     0x000014c5      0x321 Drivers\STM32L0xx_HAL_Driver\Src\stm32l0xx_hal_rcc.o
                                0xadc (size before relaxing)
 .debug_str     0x000017e6      0x427 Drivers\STM32L0xx_HAL_Driver\Src\stm32l0xx_hal_rcc_ex.o
                                0xb97 (size before relaxing)
 .debug_str     0x00001c0d      0x422 Drivers\STM32L0xx_HAL_Driver\Src\stm32l0xx_hal_rtc.o
                                0xaea (size before relaxing)
 .debug_str     0x0000202f      0xeaf Drivers\STM32L0xx_HAL_Driver\Src\stm32l0xx_hal_tim.o
                               0x1713 (size before relaxing)
 .debug_str     0x00002ede      0xa54 Middlewares\ST\STM32_TouchSensing_Library\src\tsl_globals.o
                               0x105c (size before relaxing)
 .debug_str     0x00003932       0xe7 Middlewares\ST\STM32_TouchSensing_Library\src\tsl_time.o
                               0x1126 (size before relaxing)
 .debug_str     0x00003a19      0x117 Src\led.o
                                0xc07 (size before relaxing)
 .debug_str     0x00003b30      0x334 Src\main.o
                               0x1a5a (size before relaxing)
 .debug_str     0x00003e64       0x6f Src\power.o
                                0x78d (size before relaxing)
 .debug_str     0x00003ed3      0x44b Src\printer.o
                                0xfa1 (size before relaxing)
 .debug_str     0x0000431e       0x23 Src\rtc.o
                                0x884 (size before relaxing)
 .debug_str     0x00004341       0x5b Src\stm32l0xx_hal_msp.o
                               0x102f (size before relaxing)
 .debug_str     0x0000439c       0x5f Src\stm32l0xx_it.o
                                0x829 (size before relaxing)
 .debug_str     0x000043fb       0x4e Src\system_stm32l0xx.o
                                0x705 (size before relaxing)

.comment        0x00000000       0x7c
 .comment       0x00000000       0x7c Drivers\STM32L0xx_HAL_Driver\Src\stm32l0xx_hal.o
                                 0x7d (size before relaxing)
 .comment       0x0000007c       0x7d Drivers\STM32L0xx_HAL_Driver\Src\stm32l0xx_hal_cortex.o
 .comment       0x0000007c       0x7d Drivers\STM32L0xx_HAL_Driver\Src\stm32l0xx_hal_dma.o
 .comment       0x0000007c       0x7d Drivers\STM32L0xx_HAL_Driver\Src\stm32l0xx_hal_gpio.o
 .comment       0x0000007c       0x7d Drivers\STM32L0xx_HAL_Driver\Src\stm32l0xx_hal_pwr.o
 .comment       0x0000007c       0x7d Drivers\STM32L0xx_HAL_Driver\Src\stm32l0xx_hal_rcc.o
 .comment       0x0000007c       0x7d Drivers\STM32L0xx_HAL_Driver\Src\stm32l0xx_hal_rcc_ex.o
 .comment       0x0000007c       0x7d Drivers\STM32L0xx_HAL_Driver\Src\stm32l0xx_hal_rtc.o
 .comment       0x0000007c       0x7d Drivers\STM32L0xx_HAL_Driver\Src\stm32l0xx_hal_tim.o
 .comment       0x0000007c       0x7d Middlewares\ST\STM32_TouchSensing_Library\src\tsl_globals.o
 .comment       0x0000007c       0x7d Middlewares\ST\STM32_TouchSensing_Library\src\tsl_time.o
 .comment       0x0000007c       0x7d Src\led.o
 .comment       0x0000007c       0x7d Src\main.o
 .comment       0x0000007c       0x7d Src\power.o
 .comment       0x0000007c       0x7d Src\printer.o
 .comment       0x0000007c       0x7d Src\rtc.o
 .comment       0x0000007c       0x7d Src\stm32l0xx_hal_msp.o
 .comment       0x0000007c       0x7d Src\stm32l0xx_it.o
 .comment       0x0000007c       0x7d Src\system_stm32l0xx.o

.debug_frame    0x00000000     0x2774
 .debug_frame   0x00000000      0x2e0 Drivers\STM32L0xx_HAL_Driver\Src\stm32l0xx_hal.o
 .debug_frame   0x000002e0      0x2c4 Drivers\STM32L0xx_HAL_Driver\Src\stm32l0xx_hal_cortex.o
 .debug_frame   0x000005a4      0x170 Drivers\STM32L0xx_HAL_Driver\Src\stm32l0xx_hal_dma.o
 .debug_frame   0x00000714      0x110 Drivers\STM32L0xx_HAL_Driver\Src\stm32l0xx_hal_gpio.o
 .debug_frame   0x00000824      0x200 Drivers\STM32L0xx_HAL_Driver\Src\stm32l0xx_hal_pwr.o
 .debug_frame   0x00000a24      0x1b8 Drivers\STM32L0xx_HAL_Driver\Src\stm32l0xx_hal_rcc.o
 .debug_frame   0x00000bdc      0x244 Drivers\STM32L0xx_HAL_Driver\Src\stm32l0xx_hal_rcc_ex.o
 .debug_frame   0x00000e20      0x290 Drivers\STM32L0xx_HAL_Driver\Src\stm32l0xx_hal_rtc.o
 .debug_frame   0x000010b0      0xd50 Drivers\STM32L0xx_HAL_Driver\Src\stm32l0xx_hal_tim.o
 .debug_frame   0x00001e00       0x6c Middlewares\ST\STM32_TouchSensing_Library\src\tsl_time.o
 .debug_frame   0x00001e6c       0xe0 Src\led.o
 .debug_frame   0x00001f4c       0xc8 Src\main.o
 .debug_frame   0x00002014       0xbc Src\power.o
 .debug_frame   0x000020d0      0x1f0 Src\printer.o
 .debug_frame   0x000022c0       0x50 Src\rtc.o
 .debug_frame   0x00002310      0x10c Src\stm32l0xx_hal_msp.o
 .debug_frame   0x0000241c       0x9c Src\stm32l0xx_it.o
 .debug_frame   0x000024b8       0x4c Src\system_stm32l0xx.o
 .debug_frame   0x00002504       0x2c c:/program files (x86)/atollic/truestudio for stm32 9.0.1/armtools/bin/../lib/gcc/arm-atollic-eabi/6.3.1/../../../../arm-atollic-eabi/lib/armv6-m\libc_nano.a(lib_a-init.o)
 .debug_frame   0x00002530       0x20 c:/program files (x86)/atollic/truestudio for stm32 9.0.1/armtools/bin/../lib/gcc/arm-atollic-eabi/6.3.1/../../../../arm-atollic-eabi/lib/armv6-m\libc_nano.a(lib_a-memset.o)
 .debug_frame   0x00002550       0x20 c:/program files (x86)/atollic/truestudio for stm32 9.0.1/armtools/bin/../lib/gcc/arm-atollic-eabi/6.3.1/armv6-m\libgcc.a(_udivsi3.o)
 .debug_frame   0x00002570       0x2c c:/program files (x86)/atollic/truestudio for stm32 9.0.1/armtools/bin/../lib/gcc/arm-atollic-eabi/6.3.1/armv6-m\libgcc.a(_fixunsdfsi.o)
 .debug_frame   0x0000259c       0x3c c:/program files (x86)/atollic/truestudio for stm32 9.0.1/armtools/bin/../lib/gcc/arm-atollic-eabi/6.3.1/armv6-m\libgcc.a(mulsf3.o)
 .debug_frame   0x000025d8       0x28 c:/program files (x86)/atollic/truestudio for stm32 9.0.1/armtools/bin/../lib/gcc/arm-atollic-eabi/6.3.1/armv6-m\libgcc.a(floatunsisf.o)
 .debug_frame   0x00002600       0x3c c:/program files (x86)/atollic/truestudio for stm32 9.0.1/armtools/bin/../lib/gcc/arm-atollic-eabi/6.3.1/armv6-m\libgcc.a(divdf3.o)
 .debug_frame   0x0000263c       0x38 c:/program files (x86)/atollic/truestudio for stm32 9.0.1/armtools/bin/../lib/gcc/arm-atollic-eabi/6.3.1/armv6-m\libgcc.a(subdf3.o)
 .debug_frame   0x00002674       0x2c c:/program files (x86)/atollic/truestudio for stm32 9.0.1/armtools/bin/../lib/gcc/arm-atollic-eabi/6.3.1/armv6-m\libgcc.a(fixdfsi.o)
 .debug_frame   0x000026a0       0x2c c:/program files (x86)/atollic/truestudio for stm32 9.0.1/armtools/bin/../lib/gcc/arm-atollic-eabi/6.3.1/armv6-m\libgcc.a(extendsfdf2.o)
 .debug_frame   0x000026cc       0x38 c:/program files (x86)/atollic/truestudio for stm32 9.0.1/armtools/bin/../lib/gcc/arm-atollic-eabi/6.3.1/armv6-m\libgcc.a(eqdf2.o)
 .debug_frame   0x00002704       0x38 c:/program files (x86)/atollic/truestudio for stm32 9.0.1/armtools/bin/../lib/gcc/arm-atollic-eabi/6.3.1/armv6-m\libgcc.a(gedf2.o)
 .debug_frame   0x0000273c       0x38 c:/program files (x86)/atollic/truestudio for stm32 9.0.1/armtools/bin/../lib/gcc/arm-atollic-eabi/6.3.1/armv6-m\libgcc.a(ledf2.o)
