Archive member included to satisfy reference by file (symbol)

c:/program files (x86)/atollic/truestudio for stm32 9.0.1/armtools/bin/../lib/gcc/arm-atollic-eabi/6.3.1/../../../../arm-atollic-eabi/lib/armv6-m\libc_nano.a(lib_a-init.o)
                              startup\startup_stm32l052xx.o (__libc_init_array)
c:/program files (x86)/atollic/truestudio for stm32 9.0.1/armtools/bin/../lib/gcc/arm-atollic-eabi/6.3.1/../../../../arm-atollic-eabi/lib/armv6-m\libc_nano.a(lib_a-memset.o)
                              Drivers\STM32L0xx_HAL_Driver\Src\stm32l0xx_hal_rcc.o (memset)
c:/program files (x86)/atollic/truestudio for stm32 9.0.1/armtools/bin/../lib/gcc/arm-atollic-eabi/6.3.1/armv6-m\libgcc.a(_udivsi3.o)
                              Drivers\STM32L0xx_HAL_Driver\Src\stm32l0xx_hal.o (__aeabi_uidiv)
c:/program files (x86)/atollic/truestudio for stm32 9.0.1/armtools/bin/../lib/gcc/arm-atollic-eabi/6.3.1/armv6-m\libgcc.a(_dvmd_tls.o)
                              c:/program files (x86)/atollic/truestudio for stm32 9.0.1/armtools/bin/../lib/gcc/arm-atollic-eabi/6.3.1/armv6-m\libgcc.a(_udivsi3.o) (__aeabi_idiv0)
c:/program files (x86)/atollic/truestudio for stm32 9.0.1/armtools/bin/../lib/gcc/arm-atollic-eabi/6.3.1/armv6-m\libgcc.a(_fixunsdfsi.o)
                              Src\led.o (__aeabi_d2uiz)
c:/program files (x86)/atollic/truestudio for stm32 9.0.1/armtools/bin/../lib/gcc/arm-atollic-eabi/6.3.1/armv6-m\libgcc.a(mulsf3.o)
                              Src\led.o (__aeabi_fmul)
c:/program files (x86)/atollic/truestudio for stm32 9.0.1/armtools/bin/../lib/gcc/arm-atollic-eabi/6.3.1/armv6-m\libgcc.a(floatunsisf.o)
                              Src\led.o (__aeabi_ui2f)
c:/program files (x86)/atollic/truestudio for stm32 9.0.1/armtools/bin/../lib/gcc/arm-atollic-eabi/6.3.1/armv6-m\libgcc.a(divdf3.o)
                              Src\led.o (__aeabi_ddiv)
c:/program files (x86)/atollic/truestudio for stm32 9.0.1/armtools/bin/../lib/gcc/arm-atollic-eabi/6.3.1/armv6-m\libgcc.a(subdf3.o)
                              c:/program files (x86)/atollic/truestudio for stm32 9.0.1/armtools/bin/../lib/gcc/arm-atollic-eabi/6.3.1/armv6-m\libgcc.a(_fixunsdfsi.o) (__aeabi_dsub)
c:/program files (x86)/atollic/truestudio for stm32 9.0.1/armtools/bin/../lib/gcc/arm-atollic-eabi/6.3.1/armv6-m\libgcc.a(fixdfsi.o)
                              c:/program files (x86)/atollic/truestudio for stm32 9.0.1/armtools/bin/../lib/gcc/arm-atollic-eabi/6.3.1/armv6-m\libgcc.a(_fixunsdfsi.o) (__aeabi_d2iz)
c:/program files (x86)/atollic/truestudio for stm32 9.0.1/armtools/bin/../lib/gcc/arm-atollic-eabi/6.3.1/armv6-m\libgcc.a(extendsfdf2.o)
                              Src\led.o (__aeabi_f2d)
c:/program files (x86)/atollic/truestudio for stm32 9.0.1/armtools/bin/../lib/gcc/arm-atollic-eabi/6.3.1/armv6-m\libgcc.a(_arm_cmpdf2.o)
                              c:/program files (x86)/atollic/truestudio for stm32 9.0.1/armtools/bin/../lib/gcc/arm-atollic-eabi/6.3.1/armv6-m\libgcc.a(_fixunsdfsi.o) (__aeabi_dcmpge)
c:/program files (x86)/atollic/truestudio for stm32 9.0.1/armtools/bin/../lib/gcc/arm-atollic-eabi/6.3.1/armv6-m\libgcc.a(_clzsi2.o)
                              c:/program files (x86)/atollic/truestudio for stm32 9.0.1/armtools/bin/../lib/gcc/arm-atollic-eabi/6.3.1/armv6-m\libgcc.a(mulsf3.o) (__clzsi2)
c:/program files (x86)/atollic/truestudio for stm32 9.0.1/armtools/bin/../lib/gcc/arm-atollic-eabi/6.3.1/armv6-m\libgcc.a(eqdf2.o)
                              c:/program files (x86)/atollic/truestudio for stm32 9.0.1/armtools/bin/../lib/gcc/arm-atollic-eabi/6.3.1/armv6-m\libgcc.a(_arm_cmpdf2.o) (__eqdf2)
c:/program files (x86)/atollic/truestudio for stm32 9.0.1/armtools/bin/../lib/gcc/arm-atollic-eabi/6.3.1/armv6-m\libgcc.a(gedf2.o)
                              c:/program files (x86)/atollic/truestudio for stm32 9.0.1/armtools/bin/../lib/gcc/arm-atollic-eabi/6.3.1/armv6-m\libgcc.a(_arm_cmpdf2.o) (__gedf2)
c:/program files (x86)/atollic/truestudio for stm32 9.0.1/armtools/bin/../lib/gcc/arm-atollic-eabi/6.3.1/armv6-m\libgcc.a(ledf2.o)
                              c:/program files (x86)/atollic/truestudio for stm32 9.0.1/armtools/bin/../lib/gcc/arm-atollic-eabi/6.3.1/armv6-m\libgcc.a(_arm_cmpdf2.o) (__ledf2)

Allocating common symbols
Common symbol       size              file

MyChannels_Data     0xc               Src\tsl_user.o
MyTKeys_Param       0xa               Src\tsl_user.o
ECSLastTick         0x2               Src\tsl_user.o
uwTick              0x4               Drivers\STM32L0xx_HAL_Driver\Src\stm32l0xx_hal.o
pFlash              0x18              Drivers\STM32L0xx_HAL_Driver\Src\stm32l0xx_hal_flash.o
dcf77_int           0x7               Src\dcf77.o
TSL_Globals         0x18              Middlewares\ST\STM32_TouchSensing_Library\src\tsl_globals.o
DCF77_TIME          0x6               Src\dcf77.o
MyTKeys_Data        0x4               Src\tsl_user.o
hrtc                0x24              Src\rtc.o
[...]
Memory Configuration

Name             Origin             Length             Attributes
RAM              0x20000000         0x00002000         xrw
FLASH            0x08000000         0x00008000         xr
*default*        0x00000000         0xffffffff

Linker script and memory map

LOAD c:/program files (x86)/atollic/truestudio for stm32 9.0.1/armtools/bin/../lib/gcc/arm-atollic-eabi/6.3.1/armv6-m/crti.o
LOAD c:/program files (x86)/atollic/truestudio for stm32 9.0.1/armtools/bin/../lib/gcc/arm-atollic-eabi/6.3.1/armv6-m/crtbegin.o
LOAD Drivers\STM32L0xx_HAL_Driver\Src\stm32l0xx_hal.o
LOAD Drivers\STM32L0xx_HAL_Driver\Src\stm32l0xx_hal_adc.o
LOAD Drivers\STM32L0xx_HAL_Driver\Src\stm32l0xx_hal_adc_ex.o
LOAD Drivers\STM32L0xx_HAL_Driver\Src\stm32l0xx_hal_cortex.o
LOAD Drivers\STM32L0xx_HAL_Driver\Src\stm32l0xx_hal_dma.o
LOAD Drivers\STM32L0xx_HAL_Driver\Src\stm32l0xx_hal_flash.o
LOAD Drivers\STM32L0xx_HAL_Driver\Src\stm32l0xx_hal_flash_ex.o
LOAD Drivers\STM32L0xx_HAL_Driver\Src\stm32l0xx_hal_flash_ramfunc.o
LOAD Drivers\STM32L0xx_HAL_Driver\Src\stm32l0xx_hal_gpio.o
LOAD Drivers\STM32L0xx_HAL_Driver\Src\stm32l0xx_hal_i2c.o
LOAD Drivers\STM32L0xx_HAL_Driver\Src\stm32l0xx_hal_i2c_ex.o
LOAD Drivers\STM32L0xx_HAL_Driver\Src\stm32l0xx_hal_pwr.o
LOAD Drivers\STM32L0xx_HAL_Driver\Src\stm32l0xx_hal_pwr_ex.o
LOAD Drivers\STM32L0xx_HAL_Driver\Src\stm32l0xx_hal_rcc.o
LOAD Drivers\STM32L0xx_HAL_Driver\Src\stm32l0xx_hal_rcc_ex.o
LOAD Drivers\STM32L0xx_HAL_Driver\Src\stm32l0xx_hal_rtc.o
LOAD Drivers\STM32L0xx_HAL_Driver\Src\stm32l0xx_hal_rtc_ex.o
LOAD Drivers\STM32L0xx_HAL_Driver\Src\stm32l0xx_hal_tim.o
LOAD Drivers\STM32L0xx_HAL_Driver\Src\stm32l0xx_hal_tim_ex.o
LOAD Drivers\STM32L0xx_HAL_Driver\Src\stm32l0xx_hal_tsc.o
LOAD Middlewares\ST\STM32_TouchSensing_Library\src\tsl.o
LOAD Middlewares\ST\STM32_TouchSensing_Library\src\tsl_acq.o
LOAD Middlewares\ST\STM32_TouchSensing_Library\src\tsl_acq_tsc.o
LOAD Middlewares\ST\STM32_TouchSensing_Library\src\tsl_dxs.o
LOAD Middlewares\ST\STM32_TouchSensing_Library\src\tsl_ecs.o
LOAD Middlewares\ST\STM32_TouchSensing_Library\src\tsl_filter.o
LOAD Middlewares\ST\STM32_TouchSensing_Library\src\tsl_globals.o
LOAD Middlewares\ST\STM32_TouchSensing_Library\src\tsl_linrot.o
LOAD Middlewares\ST\STM32_TouchSensing_Library\src\tsl_object.o
LOAD Middlewares\ST\STM32_TouchSensing_Library\src\tsl_time.o
LOAD Middlewares\ST\STM32_TouchSensing_Library\src\tsl_touchkey.o
LOAD Src\dcf77.o
LOAD Src\led.o
LOAD Src\main.o
LOAD Src\power.o
LOAD Src\printer.o
LOAD Src\rtc.o
LOAD Src\stm32l0xx_hal_msp.o
LOAD Src\stm32l0xx_it.o
LOAD Src\stmCriticalSection.o
LOAD Src\system_stm32l0xx.o
LOAD Src\tsl_user.o
LOAD startup\startup_stm32l052xx.o
                0x00000080                malloc_getpagesize_P = 0x80
START GROUP
LOAD c:/program files (x86)/atollic/truestudio for stm32 9.0.1/armtools/bin/../lib/gcc/arm-atollic-eabi/6.3.1/../../../../arm-atollic-eabi/lib/armv6-m\libc_nano.a
LOAD c:/program files (x86)/atollic/truestudio for stm32 9.0.1/armtools/bin/../lib/gcc/arm-atollic-eabi/6.3.1/../../../../arm-atollic-eabi/lib/armv6-m\libm.a
END GROUP
START GROUP
LOAD c:/program files (x86)/atollic/truestudio for stm32 9.0.1/armtools/bin/../lib/gcc/arm-atollic-eabi/6.3.1/armv6-m\libgcc.a
LOAD c:/program files (x86)/atollic/truestudio for stm32 9.0.1/armtools/bin/../lib/gcc/arm-atollic-eabi/6.3.1/../../../../arm-atollic-eabi/lib/armv6-m\libc_nano.a
END GROUP
START GROUP
LOAD c:/program files (x86)/atollic/truestudio for stm32 9.0.1/armtools/bin/../lib/gcc/arm-atollic-eabi/6.3.1/armv6-m\libgcc.a
LOAD c:/program files (x86)/atollic/truestudio for stm32 9.0.1/armtools/bin/../lib/gcc/arm-atollic-eabi/6.3.1/../../../../arm-atollic-eabi/lib/armv6-m\libc_nano.a
LOAD c:/program files (x86)/atollic/truestudio for stm32 9.0.1/armtools/bin/../lib/gcc/arm-atollic-eabi/6.3.1/../../../../arm-atollic-eabi/lib/armv6-m\libnosys.a
END GROUP
START GROUP
LOAD c:/program files (x86)/atollic/truestudio for stm32 9.0.1/armtools/bin/../lib/gcc/arm-atollic-eabi/6.3.1/armv6-m\libgcc.a
LOAD c:/program files (x86)/atollic/truestudio for stm32 9.0.1/armtools/bin/../lib/gcc/arm-atollic-eabi/6.3.1/../../../../arm-atollic-eabi/lib/armv6-m\libc_nano.a
LOAD c:/program files (x86)/atollic/truestudio for stm32 9.0.1/armtools/bin/../lib/gcc/arm-atollic-eabi/6.3.1/../../../../arm-atollic-eabi/lib/armv6-m\libnosys.a
END GROUP
LOAD c:/program files (x86)/atollic/truestudio for stm32 9.0.1/armtools/bin/../lib/gcc/arm-atollic-eabi/6.3.1/armv6-m/crtend.o
LOAD c:/program files (x86)/atollic/truestudio for stm32 9.0.1/armtools/bin/../lib/gcc/arm-atollic-eabi/6.3.1/armv6-m/crtn.o
                0x20002000                _estack = 0x20002000
                0x00000200                _Min_Heap_Size = 0x200
                0x00000400                _Min_Stack_Size = 0x400

.isr_vector     0x08000000       0xc0
                0x08000000                . = ALIGN (0x4)
 *(.isr_vector)
 .isr_vector    0x08000000       0xc0 startup\startup_stm32l052xx.o
                0x08000000                g_pfnVectors
                0x080000c0                . = ALIGN (0x4)

.text           0x080000c0     0x5484
                0x080000c0                . = ALIGN (0x4)
 *(.text)
 .text          0x080000c0       0x48 c:/program files (x86)/atollic/truestudio for stm32 9.0.1/armtools/bin/../lib/gcc/arm-atollic-eabi/6.3.1/armv6-m/crtbegin.o
 .text          0x08000108      0x114 c:/program files (x86)/atollic/truestudio for stm32 9.0.1/armtools/bin/../lib/gcc/arm-atollic-eabi/6.3.1/armv6-m\libgcc.a(_udivsi3.o)
                0x08000108                __aeabi_uidiv
                0x08000108                __udivsi3
                0x08000214                __aeabi_uidivmod
 .text          0x0800021c        0x4 c:/program files (x86)/atollic/truestudio for stm32 9.0.1/armtools/bin/../lib/gcc/arm-atollic-eabi/6.3.1/armv6-m\libgcc.a(_dvmd_tls.o)
                0x0800021c                __aeabi_idiv0
                0x0800021c                __aeabi_ldiv0
 .text          0x08000220       0x3c c:/program files (x86)/atollic/truestudio for stm32 9.0.1/armtools/bin/../lib/gcc/arm-atollic-eabi/6.3.1/armv6-m\libgcc.a(_fixunsdfsi.o)
                0x08000220                __aeabi_d2uiz
                0x08000220                __fixunsdfsi
 .text          0x0800025c      0x240 c:/program files (x86)/atollic/truestudio for stm32 9.0.1/armtools/bin/../lib/gcc/arm-atollic-eabi/6.3.1/armv6-m\libgcc.a(mulsf3.o)
                0x0800025c                __aeabi_fmul
 .text          0x0800049c       0x8c c:/program files (x86)/atollic/truestudio for stm32 9.0.1/armtools/bin/../lib/gcc/arm-atollic-eabi/6.3.1/armv6-m\libgcc.a(floatunsisf.o)
                0x0800049c                __aeabi_ui2f
 .text          0x08000528      0x668 c:/program files (x86)/atollic/truestudio for stm32 9.0.1/armtools/bin/../lib/gcc/arm-atollic-eabi/6.3.1/armv6-m\libgcc.a(divdf3.o)
                0x08000528                __aeabi_ddiv
 .text          0x08000b90      0x62c c:/program files (x86)/atollic/truestudio for stm32 9.0.1/armtools/bin/../lib/gcc/arm-atollic-eabi/6.3.1/armv6-m\libgcc.a(subdf3.o)
                0x08000b90                __aeabi_dsub
 .text          0x080011bc       0x68 c:/program files (x86)/atollic/truestudio for stm32 9.0.1/armtools/bin/../lib/gcc/arm-atollic-eabi/6.3.1/armv6-m\libgcc.a(fixdfsi.o)
                0x080011bc                __aeabi_d2iz
 .text          0x08001224       0xa4 c:/program files (x86)/atollic/truestudio for stm32 9.0.1/armtools/bin/../lib/gcc/arm-atollic-eabi/6.3.1/armv6-m\libgcc.a(extendsfdf2.o)
                0x08001224                __aeabi_f2d
 .text          0x080012c8       0x7c c:/program files (x86)/atollic/truestudio for stm32 9.0.1/armtools/bin/../lib/gcc/arm-atollic-eabi/6.3.1/armv6-m\libgcc.a(_arm_cmpdf2.o)
                0x080012c8                __aeabi_cdrcmple
                0x080012d8                __aeabi_cdcmple
                0x080012d8                __aeabi_cdcmpeq
                0x080012e8                __aeabi_dcmpeq
                0x080012f4                __aeabi_dcmplt
                0x08001308                __aeabi_dcmple
                0x0800131c                __aeabi_dcmpgt
                0x08001330                __aeabi_dcmpge
 .text          0x08001344       0x3c c:/program files (x86)/atollic/truestudio for stm32 9.0.1/armtools/bin/../lib/gcc/arm-atollic-eabi/6.3.1/armv6-m\libgcc.a(_clzsi2.o)
                0x08001344                __clzsi2
 .text          0x08001380       0x74 c:/program files (x86)/atollic/truestudio for stm32 9.0.1/armtools/bin/../lib/gcc/arm-atollic-eabi/6.3.1/armv6-m\libgcc.a(eqdf2.o)
                0x08001380                __nedf2
                0x08001380                __eqdf2
 .text          0x080013f4       0xc8 c:/program files (x86)/atollic/truestudio for stm32 9.0.1/armtools/bin/../lib/gcc/arm-atollic-eabi/6.3.1/armv6-m\libgcc.a(gedf2.o)
                0x080013f4                __gedf2
                0x080013f4                __gtdf2
 .text          0x080014bc       0xc4 c:/program files (x86)/atollic/truestudio for stm32 9.0.1/armtools/bin/../lib/gcc/arm-atollic-eabi/6.3.1/armv6-m\libgcc.a(ledf2.o)
                0x080014bc                __ledf2
                0x080014bc                __ltdf2
 *(.text*)
 .text.HAL_Init
                0x08001580       0x28 Drivers\STM32L0xx_HAL_Driver\Src\stm32l0xx_hal.o
                0x08001580                HAL_Init
 .text.HAL_InitTick
                0x080015a8       0x3c Drivers\STM32L0xx_HAL_Driver\Src\stm32l0xx_hal.o
                0x080015a8                HAL_InitTick
 .text.HAL_IncTick
                0x080015e4       0x18 Drivers\STM32L0xx_HAL_Driver\Src\stm32l0xx_hal.o
                0x080015e4                HAL_IncTick
 .text.HAL_GetTick
                0x080015fc       0x14 Drivers\STM32L0xx_HAL_Driver\Src\stm32l0xx_hal.o
                0x080015fc                HAL_GetTick
 .text.HAL_Delay
                0x08001610       0x2e Drivers\STM32L0xx_HAL_Driver\Src\stm32l0xx_hal.o
                0x08001610                HAL_Delay
 *fill*         0x0800163e        0x2 
 .text.NVIC_EnableIRQ
                0x08001640       0x2c Drivers\STM32L0xx_HAL_Driver\Src\stm32l0xx_hal_cortex.o
 .text.NVIC_SetPriority
                0x0800166c       0xdc Drivers\STM32L0xx_HAL_Driver\Src\stm32l0xx_hal_cortex.o
 .text.SysTick_Config
                0x08001748       0x48 Drivers\STM32L0xx_HAL_Driver\Src\stm32l0xx_hal_cortex.o
 .text.HAL_NVIC_SetPriority
                0x08001790       0x2c Drivers\STM32L0xx_HAL_Driver\Src\stm32l0xx_hal_cortex.o
                0x08001790                HAL_NVIC_SetPriority
 .text.HAL_NVIC_EnableIRQ
                0x080017bc       0x20 Drivers\STM32L0xx_HAL_Driver\Src\stm32l0xx_hal_cortex.o
                0x080017bc                HAL_NVIC_EnableIRQ
 .text.HAL_SYSTICK_Config
                0x080017dc       0x1a Drivers\STM32L0xx_HAL_Driver\Src\stm32l0xx_hal_cortex.o
                0x080017dc                HAL_SYSTICK_Config
 *fill*         0x080017f6        0x2 
 .text.HAL_SYSTICK_CLKSourceConfig
                0x080017f8       0x34 Drivers\STM32L0xx_HAL_Driver\Src\stm32l0xx_hal_cortex.o
                0x080017f8                HAL_SYSTICK_CLKSourceConfig
 .text.HAL_SYSTICK_IRQHandler
                0x0800182c        0xe Drivers\STM32L0xx_HAL_Driver\Src\stm32l0xx_hal_cortex.o
                0x0800182c                HAL_SYSTICK_IRQHandler
 .text.HAL_SYSTICK_Callback
                0x0800183a        0xa Drivers\STM32L0xx_HAL_Driver\Src\stm32l0xx_hal_cortex.o
                0x0800183a                HAL_SYSTICK_Callback
 .text.HAL_DMA_IRQHandler
                0x08001844      0x3d4 Drivers\STM32L0xx_HAL_Driver\Src\stm32l0xx_hal_dma.o
                0x08001844                HAL_DMA_IRQHandler
 .text.HAL_GPIO_Init
                0x08001c18      0x2ec Drivers\STM32L0xx_HAL_Driver\Src\stm32l0xx_hal_gpio.o
                0x08001c18                HAL_GPIO_Init
 .text.HAL_GPIO_ReadPin
                0x08001f04       0x3a Drivers\STM32L0xx_HAL_Driver\Src\stm32l0xx_hal_gpio.o
                0x08001f04                HAL_GPIO_ReadPin
 .text.HAL_GPIO_WritePin
                0x08001f3e       0x3a Drivers\STM32L0xx_HAL_Driver\Src\stm32l0xx_hal_gpio.o
                0x08001f3e                HAL_GPIO_WritePin
 .text.HAL_GPIO_EXTI_IRQHandler
                0x08001f78       0x38 Drivers\STM32L0xx_HAL_Driver\Src\stm32l0xx_hal_gpio.o
                0x08001f78                HAL_GPIO_EXTI_IRQHandler
 .text.HAL_RCC_OscConfig
                0x08001fb0      0x744 Drivers\STM32L0xx_HAL_Driver\Src\stm32l0xx_hal_rcc.o
                0x08001fb0                HAL_RCC_OscConfig
 .text.HAL_RCC_ClockConfig
                0x080026f4      0x234 Drivers\STM32L0xx_HAL_Driver\Src\stm32l0xx_hal_rcc.o
                0x080026f4                HAL_RCC_ClockConfig
 .text.HAL_RCC_GetSysClockFreq
                0x08002928       0xfc Drivers\STM32L0xx_HAL_Driver\Src\stm32l0xx_hal_rcc.o
                0x08002928                HAL_RCC_GetSysClockFreq
 .text.HAL_RCC_GetHCLKFreq
                0x08002a24       0x14 Drivers\STM32L0xx_HAL_Driver\Src\stm32l0xx_hal_rcc.o
                0x08002a24                HAL_RCC_GetHCLKFreq
 .text.RCC_SetFlashLatencyFromMSIRange
                0x08002a38       0xb0 Drivers\STM32L0xx_HAL_Driver\Src\stm32l0xx_hal_rcc.o
 .text.HAL_RCCEx_PeriphCLKConfig
                0x08002ae8      0x288 Drivers\STM32L0xx_HAL_Driver\Src\stm32l0xx_hal_rcc_ex.o
                0x08002ae8                HAL_RCCEx_PeriphCLKConfig
 .text.HAL_RTC_Init
                0x08002d70      0x108 Drivers\STM32L0xx_HAL_Driver\Src\stm32l0xx_hal_rtc.o
                0x08002d70                HAL_RTC_Init
 .text.HAL_RTC_SetTime
                0x08002e78      0x19c Drivers\STM32L0xx_HAL_Driver\Src\stm32l0xx_hal_rtc.o
                0x08002e78                HAL_RTC_SetTime
 .text.HAL_RTC_SetDate
                0x08003014      0x17c Drivers\STM32L0xx_HAL_Driver\Src\stm32l0xx_hal_rtc.o
                0x08003014                HAL_RTC_SetDate
 .text.HAL_RTC_WaitForSynchro
                0x08003190       0x52 Drivers\STM32L0xx_HAL_Driver\Src\stm32l0xx_hal_rtc.o
                0x08003190                HAL_RTC_WaitForSynchro
 .text.RTC_EnterInitMode
                0x080031e2       0x58 Drivers\STM32L0xx_HAL_Driver\Src\stm32l0xx_hal_rtc.o
                0x080031e2                RTC_EnterInitMode
 .text.RTC_ByteToBcd2
                0x0800323a       0x42 Drivers\STM32L0xx_HAL_Driver\Src\stm32l0xx_hal_rtc.o
                0x0800323a                RTC_ByteToBcd2
 .text.RTC_Bcd2ToByte
                0x0800327c       0x3e Drivers\STM32L0xx_HAL_Driver\Src\stm32l0xx_hal_rtc.o
                0x0800327c                RTC_Bcd2ToByte
 .text.HAL_TIM_Base_Init
                0x080032ba       0x58 Drivers\STM32L0xx_HAL_Driver\Src\stm32l0xx_hal_tim.o
                0x080032ba                HAL_TIM_Base_Init
 .text.HAL_TIM_Base_Start_IT
                0x08003312       0x32 Drivers\STM32L0xx_HAL_Driver\Src\stm32l0xx_hal_tim.o
                0x08003312                HAL_TIM_Base_Start_IT
 .text.HAL_TIM_PWM_Start
                0x08003344       0x32 Drivers\STM32L0xx_HAL_Driver\Src\stm32l0xx_hal_tim.o
                0x08003344                HAL_TIM_PWM_Start
 *fill*         0x08003376        0x2 
 .text.HAL_TIM_PWM_Stop
                0x08003378       0x4c Drivers\STM32L0xx_HAL_Driver\Src\stm32l0xx_hal_tim.o
                0x08003378                HAL_TIM_PWM_Stop
 .text.HAL_TIM_IRQHandler
                0x080033c4      0x1d0 Drivers\STM32L0xx_HAL_Driver\Src\stm32l0xx_hal_tim.o
                0x080033c4                HAL_TIM_IRQHandler
 .text.HAL_TIM_PWM_ConfigChannel
                0x08003594      0x170 Drivers\STM32L0xx_HAL_Driver\Src\stm32l0xx_hal_tim.o
                0x08003594                HAL_TIM_PWM_ConfigChannel
 .text.HAL_TIM_ConfigClockSource
                0x08003704      0x1c0 Drivers\STM32L0xx_HAL_Driver\Src\stm32l0xx_hal_tim.o
                0x08003704                HAL_TIM_ConfigClockSource
 .text.HAL_TIM_OC_DelayElapsedCallback
                0x080038c4       0x10 Drivers\STM32L0xx_HAL_Driver\Src\stm32l0xx_hal_tim.o
                0x080038c4                HAL_TIM_OC_DelayElapsedCallback
 .text.HAL_TIM_IC_CaptureCallback
                0x080038d4       0x10 Drivers\STM32L0xx_HAL_Driver\Src\stm32l0xx_hal_tim.o
                0x080038d4                HAL_TIM_IC_CaptureCallback
 .text.HAL_TIM_PWM_PulseFinishedCallback
                0x080038e4       0x10 Drivers\STM32L0xx_HAL_Driver\Src\stm32l0xx_hal_tim.o
                0x080038e4                HAL_TIM_PWM_PulseFinishedCallback
 .text.HAL_TIM_TriggerCallback
                0x080038f4       0x10 Drivers\STM32L0xx_HAL_Driver\Src\stm32l0xx_hal_tim.o
                0x080038f4                HAL_TIM_TriggerCallback
 .text.TIM_Base_SetConfig
                0x08003904       0xb0 Drivers\STM32L0xx_HAL_Driver\Src\stm32l0xx_hal_tim.o
 .text.TIM_OC1_SetConfig
                0x080039b4       0x84 Drivers\STM32L0xx_HAL_Driver\Src\stm32l0xx_hal_tim.o
 .text.TIM_OC2_SetConfig
                0x08003a38       0x90 Drivers\STM32L0xx_HAL_Driver\Src\stm32l0xx_hal_tim.o
 .text.TIM_OC3_SetConfig
                0x08003ac8       0x8c Drivers\STM32L0xx_HAL_Driver\Src\stm32l0xx_hal_tim.o
 .text.TIM_OC4_SetConfig
                0x08003b54       0x98 Drivers\STM32L0xx_HAL_Driver\Src\stm32l0xx_hal_tim.o
 .text.TIM_TI1_ConfigInputStage
                0x08003bec       0x64 Drivers\STM32L0xx_HAL_Driver\Src\stm32l0xx_hal_tim.o
 .text.TIM_TI2_ConfigInputStage
                0x08003c50       0x6c Drivers\STM32L0xx_HAL_Driver\Src\stm32l0xx_hal_tim.o
 .text.TIM_ITRx_SetConfig
                0x08003cbc       0x40 Drivers\STM32L0xx_HAL_Driver\Src\stm32l0xx_hal_tim.o
 .text.TIM_ETR_SetConfig
                0x08003cfc       0x44 Drivers\STM32L0xx_HAL_Driver\Src\stm32l0xx_hal_tim.o
 .text.TIM_CCxChannelCmd
                0x08003d40       0x42 Drivers\STM32L0xx_HAL_Driver\Src\stm32l0xx_hal_tim.o
 *fill*         0x08003d82        0x2 
 .text.TSL_tim_ProcessIT
                0x08003d84       0x58 Middlewares\ST\STM32_TouchSensing_Library\src\tsl_time.o
                0x08003d84                TSL_tim_ProcessIT
 .text.dcf77_init
                0x08003ddc       0x8c Src\dcf77.o
                0x08003ddc                dcf77_init
 .text.dcf77_read_time
                0x08003e68       0x6c Src\dcf77.o
                0x08003e68                dcf77_read_time
 .text.P_init_TIM
                0x08003ed4       0x74 Src\dcf77.o
                0x08003ed4                P_init_TIM
 .text.P_init_EXTI
                0x08003f48       0x68 Src\dcf77.o
                0x08003f48                P_init_EXTI
 .text.P_init_PON
                0x08003fb0       0x70 Src\dcf77.o
                0x08003fb0                P_init_PON
 .text.P_Store_Value
                0x08004020      0x43c Src\dcf77.o
                0x08004020                P_Store_Value
 .text.HAL_TIM_PeriodElapsedCallback
                0x0800445c      0x100 Src\dcf77.o
                0x0800445c                HAL_TIM_PeriodElapsedCallback
 .text.HAL_GPIO_EXTI_Callback
                0x0800455c       0xf8 Src\dcf77.o
                0x0800455c                HAL_GPIO_EXTI_Callback
 .text.led_init
                0x08004654      0x164 Src\led.o
                0x08004654                led_init
 .text.led_start
                0x080047b8       0x6c Src\led.o
                0x080047b8                led_start
 .text.led_stop
                0x08004824       0x44 Src\led.o
                0x08004824                led_stop
 .text.led_change_color
                0x08004868      0x118 Src\led.o
                0x08004868                led_change_color
 .text.led_enable
                0x08004980       0x78 Src\led.o
                0x08004980                led_enable
 .text.LED_ProcessIT
                0x080049f8      0x12c Src\led.o
                0x080049f8                LED_ProcessIT
 .text.main     0x08004b24       0x98 Src\main.o
                0x08004b24                main
 .text.MAIN_TimerIT
                0x08004bbc       0x5c Src\main.o
                0x08004bbc                MAIN_TimerIT
 .text.SystemClock_Config
                0x08004c18      0x12c Src\main.o
                0x08004c18                SystemClock_Config
 .text._Error_Handler
                0x08004d44        0xc Src\main.o
                0x08004d44                _Error_Handler
 .text.power_init
                0x08004d50       0x54 Src\power.o
                0x08004d50                power_init
 .text.tp_power_on
                0x08004da4       0x1a Src\power.o
                0x08004da4                tp_power_on
 .text.mot_power_on
                0x08004dbe       0x18 Src\power.o
                0x08004dbe                mot_power_on
 .text.mot_power_off
                0x08004dd6       0x18 Src\power.o
                0x08004dd6                mot_power_off
 *fill*         0x08004dee        0x2 
 .text.PRINTER_Print_ProcessIT
                0x08004df0      0x26c Src\printer.o
                0x08004df0                PRINTER_Print_ProcessIT
 .text.printer_do_step
                0x0800505c      0x178 Src\printer.o
                0x0800505c                printer_do_step
 .text.DMA1_Channel1_IRQHandler
                0x080051d4       0x18 Src\printer.o
                0x080051d4                DMA1_Channel1_IRQHandler
 .text.rtc_init
                0x080051ec       0xcc Src\rtc.o
                0x080051ec                rtc_init
 .text.HAL_MspInit
                0x080052b8       0x54 Src\stm32l0xx_hal_msp.o
                0x080052b8                HAL_MspInit
 .text.HAL_TIM_Base_MspInit
                0x0800530c       0x58 Src\stm32l0xx_hal_msp.o
                0x0800530c                HAL_TIM_Base_MspInit
 .text.HAL_RTC_MspInit
                0x08005364       0x30 Src\stm32l0xx_hal_msp.o
                0x08005364                HAL_RTC_MspInit
 .text.NMI_Handler
                0x08005394        0xa Src\stm32l0xx_it.o
                0x08005394                NMI_Handler
 .text.HardFault_Handler
                0x0800539e        0x6 Src\stm32l0xx_it.o
                0x0800539e                HardFault_Handler
 .text.SVC_Handler
                0x080053a4        0xa Src\stm32l0xx_it.o
                0x080053a4                SVC_Handler
 .text.PendSV_Handler
                0x080053ae        0xa Src\stm32l0xx_it.o
                0x080053ae                PendSV_Handler
 .text.SysTick_Handler
                0x080053b8       0x34 Src\stm32l0xx_it.o
                0x080053b8                SysTick_Handler
 .text.TIM21_IRQHandler
                0x080053ec       0x18 Src\stm32l0xx_it.o
                0x080053ec                TIM21_IRQHandler
 .text.EXTI4_15_IRQHandler
                0x08005404       0x10 Src\stm32l0xx_it.o
                0x08005404                EXTI4_15_IRQHandler
 .text.SystemInit
                0x08005414       0x7c Src\system_stm32l0xx.o
                0x08005414                SystemInit
 .text.Reset_Handler
                0x08005490       0x50 startup\startup_stm32l052xx.o
                0x08005490                Reset_Handler
 .text.Default_Handler
                0x080054e0        0x2 startup\startup_stm32l052xx.o
                0x080054e0                TSC_IRQHandler
                0x080054e0                ADC1_COMP_IRQHandler
                0x080054e0                PVD_IRQHandler
                0x080054e0                I2C1_IRQHandler
                0x080054e0                RCC_CRS_IRQHandler
                0x080054e0                SPI1_IRQHandler
                0x080054e0                TIM6_DAC_IRQHandler
                0x080054e0                EXTI2_3_IRQHandler
                0x080054e0                I2C2_IRQHandler
                0x080054e0                RTC_IRQHandler
                0x080054e0                DMA1_Channel4_5_6_7_IRQHandler
                0x080054e0                Default_Handler
                0x080054e0                TIM22_IRQHandler
                0x080054e0                EXTI0_1_IRQHandler
                0x080054e0                USB_IRQHandler
                0x080054e0                SPI2_IRQHandler
                0x080054e0                WWDG_IRQHandler
                0x080054e0                TIM2_IRQHandler
                0x080054e0                DMA1_Channel2_3_IRQHandler
                0x080054e0                USART2_IRQHandler
                0x080054e0                FLASH_IRQHandler
                0x080054e0                USART1_IRQHandler
                0x080054e0                RNG_LPUART1_IRQHandler
                0x080054e0                LPTIM1_IRQHandler
 *fill*         0x080054e2        0x2 
 .text.__libc_init_array
                0x080054e4       0x48 c:/program files (x86)/atollic/truestudio for stm32 9.0.1/armtools/bin/../lib/gcc/arm-atollic-eabi/6.3.1/../../../../arm-atollic-eabi/lib/armv6-m\libc_nano.a(lib_a-init.o)
                0x080054e4                __libc_init_array
 *(.glue_7)
 .glue_7        0x0800552c        0x0 linker stubs
 *(.glue_7t)
 .glue_7t       0x0800552c        0x0 linker stubs
 *(.eh_frame)
 .eh_frame      0x0800552c        0x0 c:/program files (x86)/atollic/truestudio for stm32 9.0.1/armtools/bin/../lib/gcc/arm-atollic-eabi/6.3.1/armv6-m/crtbegin.o
 *(.init)
 .init          0x0800552c        0x4 c:/program files (x86)/atollic/truestudio for stm32 9.0.1/armtools/bin/../lib/gcc/arm-atollic-eabi/6.3.1/armv6-m/crti.o
                0x0800552c                _init
 .init          0x08005530        0x8 c:/program files (x86)/atollic/truestudio for stm32 9.0.1/armtools/bin/../lib/gcc/arm-atollic-eabi/6.3.1/armv6-m/crtn.o
 *(.fini)
 .fini          0x08005538        0x4 c:/program files (x86)/atollic/truestudio for stm32 9.0.1/armtools/bin/../lib/gcc/arm-atollic-eabi/6.3.1/armv6-m/crti.o
                0x08005538                _fini
 .fini          0x0800553c        0x8 c:/program files (x86)/atollic/truestudio for stm32 9.0.1/armtools/bin/../lib/gcc/arm-atollic-eabi/6.3.1/armv6-m/crtn.o
                0x08005544                . = ALIGN (0x4)
                0x08005544                _etext = .

.vfp11_veneer   0x08005544        0x0
 .vfp11_veneer  0x08005544        0x0 linker stubs

.v4_bx          0x08005544        0x0
 .v4_bx         0x08005544        0x0 linker stubs

.iplt           0x08005544        0x0
 .iplt          0x08005544        0x0 c:/program files (x86)/atollic/truestudio for stm32 9.0.1/armtools/bin/../lib/gcc/arm-atollic-eabi/6.3.1/armv6-m/crtbegin.o

.rodata         0x08005544      0x174
                0x08005544                . = ALIGN (0x4)
 *(.rodata)
 .rodata        0x08005544        0xf Src\dcf77.o
 *fill*         0x08005553        0x1 
 .rodata        0x08005554        0xd Src\led.o
 *fill*         0x08005561        0x3 
 .rodata        0x08005564        0xe Src\main.o
 *fill*         0x08005572        0x2 
 .rodata        0x08005574        0xd Src\rtc.o
 *fill*         0x08005581        0x3 
 .rodata        0x08005584       0x40 c:/program files (x86)/atollic/truestudio for stm32 9.0.1/armtools/bin/../lib/gcc/arm-atollic-eabi/6.3.1/armv6-m\libgcc.a(mulsf3.o)
 .rodata        0x080055c4       0x40 c:/program files (x86)/atollic/truestudio for stm32 9.0.1/armtools/bin/../lib/gcc/arm-atollic-eabi/6.3.1/armv6-m\libgcc.a(divdf3.o)
 *(.rodata*)
 .rodata.P_Store_Value
                0x08005604       0x98 Src\dcf77.o
 .rodata.AHBPrescTable
                0x0800569c       0x10 Src\system_stm32l0xx.o
                0x0800569c                AHBPrescTable
 .rodata.PLLMulTable
                0x080056ac        0x9 Src\system_stm32l0xx.o
                0x080056ac                PLLMulTable
                0x080056b8                . = ALIGN (0x4)
 *fill*         0x080056b5        0x3 

.rel.dyn        0x080056b8        0x0
 .rel.iplt      0x080056b8        0x0 c:/program files (x86)/atollic/truestudio for stm32 9.0.1/armtools/bin/../lib/gcc/arm-atollic-eabi/6.3.1/armv6-m/crtbegin.o

.ARM.extab
 *(.ARM.extab* .gnu.linkonce.armextab.*)

.ARM            0x080056b8        0x0
                0x080056b8                __exidx_start = .
 *(.ARM.exidx*)
                0x080056b8                __exidx_end = .

.preinit_array  0x080056b8        0x0
                0x080056b8                PROVIDE (__preinit_array_start, .)
 *(.preinit_array*)
                0x080056b8                PROVIDE (__preinit_array_end, .)

.init_array     0x080056b8        0x4
                0x080056b8                PROVIDE (__init_array_start, .)
 *(SORT(.init_array.*))
 *(.init_array*)
 .init_array    0x080056b8        0x4 c:/program files (x86)/atollic/truestudio for stm32 9.0.1/armtools/bin/../lib/gcc/arm-atollic-eabi/6.3.1/armv6-m/crtbegin.o
                0x080056bc                PROVIDE (__init_array_end, .)

.fini_array     0x080056bc        0x4
                [!provide]                PROVIDE (__fini_array_start, .)
 *(SORT(.fini_array.*))
 *(.fini_array*)
 .fini_array    0x080056bc        0x4 c:/program files (x86)/atollic/truestudio for stm32 9.0.1/armtools/bin/../lib/gcc/arm-atollic-eabi/6.3.1/armv6-m/crtbegin.o
                [!provide]                PROVIDE (__fini_array_end, .)
                0x080056c0                _sidata = LOADADDR (.data)

.data           0x20000000        0x8 load address 0x080056c0
                0x20000000                . = ALIGN (0x4)
                0x20000000                _sdata = .
 *(.data)
 *(.data*)
 .data.direction.7220
                0x20000000        0x1 Src\led.o
 *fill*         0x20000001        0x3 
 .data.SystemCoreClock
                0x20000004        0x4 Src\system_stm32l0xx.o
                0x20000004                SystemCoreClock
                0x20000008                . = ALIGN (0x4)
                0x20000008                _edata = .

.igot.plt       0x20000008        0x0 load address 0x080056c8
 .igot.plt      0x20000008        0x0 c:/program files (x86)/atollic/truestudio for stm32 9.0.1/armtools/bin/../lib/gcc/arm-atollic-eabi/6.3.1/armv6-m/crtbegin.o
                0x20000008                . = ALIGN (0x4)

.bss            0x20000008      0x58c load address 0x080056c8
                0x20000008                _sbss = .
                0x20000008                __bss_start__ = _sbss
 *(.bss)
 .bss           0x20000008       0x1c c:/program files (x86)/atollic/truestudio for stm32 9.0.1/armtools/bin/../lib/gcc/arm-atollic-eabi/6.3.1/armv6-m/crtbegin.o
 *(.bss*)
 .bss.count_1s.7611
                0x20000024        0x2 Middlewares\ST\STM32_TouchSensing_Library\src\tsl_time.o
 *fill*         0x20000026        0x2 
 .bss.dcf77_1ms_value
                0x20000028        0x4 Src\dcf77.o
                0x20000028                dcf77_1ms_value
 .bss.dcf77_ms_counter
                0x2000002c        0x4 Src\dcf77.o
                0x2000002c                dcf77_ms_counter
 .bss.bytewert.7236
                0x20000030        0x1 Src\dcf77.o
 .bss.pos.7280  0x20000031        0x1 Src\dcf77.o
 *fill*         0x20000032        0x2 
 .bss.htim2     0x20000034       0x38 Src\led.o
 .bss.led_active
                0x2000006c        0x1 Src\led.o
 .bss.eColor    0x2000006d        0x1 Src\led.o
 .bss.eType     0x2000006e        0x1 Src\led.o
 *fill*         0x2000006f        0x1 
 .bss.cnt.7218  0x20000070        0x4 Src\led.o
 .bss.flag_10ms.7219
                0x20000074        0x1 Src\led.o
 *fill*         0x20000075        0x3 
 .bss.i.7217    0x20000078        0x4 Src\led.o
 .bss.state     0x2000007c        0x1 Src\main.o
                0x2000007c                state
 *fill*         0x2000007d        0x3 
 .bss.maintimer
                0x20000080        0x4 Src\main.o
                0x20000080                maintimer
 .bss.cnt.7782  0x20000084        0x4 Src\main.o
 .bss.eOldState.7783
                0x20000088        0x1 Src\main.o
 *fill*         0x20000089        0x3 
 .bss.matrix_array
                0x2000008c      0x3c0 Src\printer.o
                0x2000008c                matrix_array
 .bss.print_flag
                0x2000044c        0x1 Src\printer.o
                0x2000044c                print_flag
 .bss.eState.7252
                0x2000044d        0x1 Src\printer.o
 *fill*         0x2000044e        0x2 
 .bss.rows.7248
                0x20000450        0x4 Src\printer.o
 .bss.columns.7249
                0x20000454        0x4 Src\printer.o
 .bss.matrix_value.7250
                0x20000458        0x1 Src\printer.o
 *fill*         0x20000459        0x3 
 .bss.timer.7251
                0x2000045c        0x4 Src\printer.o
 .bss.cstep.7270
                0x20000460        0x1 Src\printer.o
 *(COMMON)
 *fill*         0x20000461        0x3 
 COMMON         0x20000464        0x4 Drivers\STM32L0xx_HAL_Driver\Src\stm32l0xx_hal.o
                0x20000464                uwTick
 COMMON         0x20000468       0x18 Middlewares\ST\STM32_TouchSensing_Library\src\tsl_globals.o
                0x20000468                TSL_Globals
 COMMON         0x20000480       0x48 Src\dcf77.o
                0x20000480                dcf77_int
                0x20000488                DCF77_TIME
                0x20000490                htim21
 COMMON         0x200004c8       0xa8 Src\printer.o
                0x200004c8                pcPrinterMessage
                0x200004cc                ADC1ConvertedValue
                0x200004d0                hdma_adc
                0x20000510                hadc
 COMMON         0x20000570       0x24 Src\rtc.o
                0x20000570                hrtc
                0x20000594                . = ALIGN (0x4)
                0x20000594                _ebss = .
                0x20000594                __bss_end__ = _ebss

._user_heap_stack
                0x20000594      0x600 load address 0x080056c8
                0x20000594                . = ALIGN (0x4)
                [!provide]                PROVIDE (end, .)
                [!provide]                PROVIDE (_end, .)
                0x20000794                . = (. + _Min_Heap_Size)
 *fill*         0x20000594      0x200 
                0x20000b94                . = (. + _Min_Stack_Size)
 *fill*         0x20000794      0x400 
                0x20000b94                . = ALIGN (0x4)

/DISCARD/
 libc.a(*)
 libm.a(*)
 libgcc.a(*)

.ARM.attributes
                0x00000000       0x28
 *(.ARM.attributes)
 .ARM.attributes
                0x00000000       0x1e c:/program files (x86)/atollic/truestudio for stm32 9.0.1/armtools/bin/../lib/gcc/arm-atollic-eabi/6.3.1/armv6-m/crti.o
 .ARM.attributes
                0x0000001e       0x2c c:/program files (x86)/atollic/truestudio for stm32 9.0.1/armtools/bin/../lib/gcc/arm-atollic-eabi/6.3.1/armv6-m/crtbegin.o
 .ARM.attributes
                0x0000004a       0x32 Drivers\STM32L0xx_HAL_Driver\Src\stm32l0xx_hal.o
 .ARM.attributes
                0x0000007c       0x32 Drivers\STM32L0xx_HAL_Driver\Src\stm32l0xx_hal_cortex.o
 .ARM.attributes
                0x000000ae       0x32 Drivers\STM32L0xx_HAL_Driver\Src\stm32l0xx_hal_dma.o
 .ARM.attributes
                0x000000e0       0x32 Drivers\STM32L0xx_HAL_Driver\Src\stm32l0xx_hal_gpio.o
 .ARM.attributes
                0x00000112       0x32 Drivers\STM32L0xx_HAL_Driver\Src\stm32l0xx_hal_rcc.o
 .ARM.attributes
                0x00000144       0x32 Drivers\STM32L0xx_HAL_Driver\Src\stm32l0xx_hal_rcc_ex.o
 .ARM.attributes
                0x00000176       0x32 Drivers\STM32L0xx_HAL_Driver\Src\stm32l0xx_hal_rtc.o
 .ARM.attributes
                0x000001a8       0x32 Drivers\STM32L0xx_HAL_Driver\Src\stm32l0xx_hal_tim.o
 .ARM.attributes
                0x000001da       0x32 Middlewares\ST\STM32_TouchSensing_Library\src\tsl_globals.o
 .ARM.attributes
                0x0000020c       0x32 Middlewares\ST\STM32_TouchSensing_Library\src\tsl_time.o
 .ARM.attributes
                0x0000023e       0x32 Src\dcf77.o
 .ARM.attributes
                0x00000270       0x32 Src\led.o
 .ARM.attributes
                0x000002a2       0x32 Src\main.o
 .ARM.attributes
                0x000002d4       0x32 Src\power.o
 .ARM.attributes
                0x00000306       0x32 Src\printer.o
 .ARM.attributes
                0x00000338       0x32 Src\rtc.o
 .ARM.attributes
                0x0000036a       0x32 Src\stm32l0xx_hal_msp.o
 .ARM.attributes
                0x0000039c       0x32 Src\stm32l0xx_it.o
 .ARM.attributes
                0x000003ce       0x32 Src\system_stm32l0xx.o
 .ARM.attributes
                0x00000400       0x22 startup\startup_stm32l052xx.o
 .ARM.attributes
                0x00000422       0x2c c:/program files (x86)/atollic/truestudio for stm32 9.0.1/armtools/bin/../lib/gcc/arm-atollic-eabi/6.3.1/../../../../arm-atollic-eabi/lib/armv6-m\libc_nano.a(lib_a-init.o)
 .ARM.attributes
                0x0000044e       0x1e c:/program files (x86)/atollic/truestudio for stm32 9.0.1/armtools/bin/../lib/gcc/arm-atollic-eabi/6.3.1/armv6-m\libgcc.a(_udivsi3.o)
 .ARM.attributes
                0x0000046c       0x1e c:/program files (x86)/atollic/truestudio for stm32 9.0.1/armtools/bin/../lib/gcc/arm-atollic-eabi/6.3.1/armv6-m\libgcc.a(_dvmd_tls.o)
 .ARM.attributes
                0x0000048a       0x2c c:/program files (x86)/atollic/truestudio for stm32 9.0.1/armtools/bin/../lib/gcc/arm-atollic-eabi/6.3.1/armv6-m\libgcc.a(_fixunsdfsi.o)
 .ARM.attributes
                0x000004b6       0x2c c:/program files (x86)/atollic/truestudio for stm32 9.0.1/armtools/bin/../lib/gcc/arm-atollic-eabi/6.3.1/armv6-m\libgcc.a(mulsf3.o)
 .ARM.attributes
                0x000004e2       0x2c c:/program files (x86)/atollic/truestudio for stm32 9.0.1/armtools/bin/../lib/gcc/arm-atollic-eabi/6.3.1/armv6-m\libgcc.a(floatunsisf.o)
 .ARM.attributes
                0x0000050e       0x2c c:/program files (x86)/atollic/truestudio for stm32 9.0.1/armtools/bin/../lib/gcc/arm-atollic-eabi/6.3.1/armv6-m\libgcc.a(divdf3.o)
 .ARM.attributes
                0x0000053a       0x2c c:/program files (x86)/atollic/truestudio for stm32 9.0.1/armtools/bin/../lib/gcc/arm-atollic-eabi/6.3.1/armv6-m\libgcc.a(subdf3.o)
 .ARM.attributes
                0x00000566       0x2c c:/program files (x86)/atollic/truestudio for stm32 9.0.1/armtools/bin/../lib/gcc/arm-atollic-eabi/6.3.1/armv6-m\libgcc.a(fixdfsi.o)
 .ARM.attributes
                0x00000592       0x2c c:/program files (x86)/atollic/truestudio for stm32 9.0.1/armtools/bin/../lib/gcc/arm-atollic-eabi/6.3.1/armv6-m\libgcc.a(extendsfdf2.o)
 .ARM.attributes
                0x000005be       0x1e c:/program files (x86)/atollic/truestudio for stm32 9.0.1/armtools/bin/../lib/gcc/arm-atollic-eabi/6.3.1/armv6-m\libgcc.a(_arm_cmpdf2.o)
 .ARM.attributes
                0x000005dc       0x1e c:/program files (x86)/atollic/truestudio for stm32 9.0.1/armtools/bin/../lib/gcc/arm-atollic-eabi/6.3.1/armv6-m\libgcc.a(_clzsi2.o)
 .ARM.attributes
                0x000005fa       0x2c c:/program files (x86)/atollic/truestudio for stm32 9.0.1/armtools/bin/../lib/gcc/arm-atollic-eabi/6.3.1/armv6-m\libgcc.a(eqdf2.o)
 .ARM.attributes
                0x00000626       0x2c c:/program files (x86)/atollic/truestudio for stm32 9.0.1/armtools/bin/../lib/gcc/arm-atollic-eabi/6.3.1/armv6-m\libgcc.a(gedf2.o)
 .ARM.attributes
                0x00000652       0x2c c:/program files (x86)/atollic/truestudio for stm32 9.0.1/armtools/bin/../lib/gcc/arm-atollic-eabi/6.3.1/armv6-m\libgcc.a(ledf2.o)
 .ARM.attributes
                0x0000067e       0x1e c:/program files (x86)/atollic/truestudio for stm32 9.0.1/armtools/bin/../lib/gcc/arm-atollic-eabi/6.3.1/armv6-m/crtn.o
OUTPUT(asd.elf elf32-littlearm)

.debug_info     0x00000000    0x15e05
 .debug_info    0x00000000      0xf44 Drivers\STM32L0xx_HAL_Driver\Src\stm32l0xx_hal.o
 .debug_info    0x00000f44     0x1052 Drivers\STM32L0xx_HAL_Driver\Src\stm32l0xx_hal_cortex.o
 .debug_info    0x00001f96      0xe5c Drivers\STM32L0xx_HAL_Driver\Src\stm32l0xx_hal_dma.o
 .debug_info    0x00002df2      0xed1 Drivers\STM32L0xx_HAL_Driver\Src\stm32l0xx_hal_gpio.o
 .debug_info    0x00003cc3     0x1132 Drivers\STM32L0xx_HAL_Driver\Src\stm32l0xx_hal_rcc.o
 .debug_info    0x00004df5     0x1017 Drivers\STM32L0xx_HAL_Driver\Src\stm32l0xx_hal_rcc_ex.o
 .debug_info    0x00005e0c     0x12b8 Drivers\STM32L0xx_HAL_Driver\Src\stm32l0xx_hal_rtc.o
 .debug_info    0x000070c4     0x2924 Drivers\STM32L0xx_HAL_Driver\Src\stm32l0xx_hal_tim.o
 .debug_info    0x000099e8     0x10bf Middlewares\ST\STM32_TouchSensing_Library\src\tsl_globals.o
 .debug_info    0x0000aaa7     0x1215 Middlewares\ST\STM32_TouchSensing_Library\src\tsl_time.o
 .debug_info    0x0000bcbc     0x1410 Src\dcf77.o
 .debug_info    0x0000d0cc     0x11ef Src\led.o
 .debug_info    0x0000e2bb     0x1c88 Src\main.o
 .debug_info    0x0000ff43      0xc0c Src\power.o
 .debug_info    0x00010b4f     0x15ca Src\printer.o
 .debug_info    0x00012119      0xce7 Src\rtc.o
 .debug_info    0x00012e00     0x1609 Src\stm32l0xx_hal_msp.o
 .debug_info    0x00014409      0xdf8 Src\stm32l0xx_it.o
 .debug_info    0x00015201      0xb99 Src\system_stm32l0xx.o
 .debug_info    0x00015d9a       0x6b startup\startup_stm32l052xx.o

.debug_abbrev   0x00000000     0x2b84
 .debug_abbrev  0x00000000      0x271 Drivers\STM32L0xx_HAL_Driver\Src\stm32l0xx_hal.o
 .debug_abbrev  0x00000271      0x30f Drivers\STM32L0xx_HAL_Driver\Src\stm32l0xx_hal_cortex.o
 .debug_abbrev  0x00000580      0x241 Drivers\STM32L0xx_HAL_Driver\Src\stm32l0xx_hal_dma.o
 .debug_abbrev  0x000007c1      0x243 Drivers\STM32L0xx_HAL_Driver\Src\stm32l0xx_hal_gpio.o
 .debug_abbrev  0x00000a04      0x2b5 Drivers\STM32L0xx_HAL_Driver\Src\stm32l0xx_hal_rcc.o
 .debug_abbrev  0x00000cb9      0x26d Drivers\STM32L0xx_HAL_Driver\Src\stm32l0xx_hal_rcc_ex.o
 .debug_abbrev  0x00000f26      0x27b Drivers\STM32L0xx_HAL_Driver\Src\stm32l0xx_hal_rtc.o
 .debug_abbrev  0x000011a1      0x2ab Drivers\STM32L0xx_HAL_Driver\Src\stm32l0xx_hal_tim.o
 .debug_abbrev  0x0000144c      0x18f Middlewares\ST\STM32_TouchSensing_Library\src\tsl_globals.o
 .debug_abbrev  0x000015db      0x1ec Middlewares\ST\STM32_TouchSensing_Library\src\tsl_time.o
 .debug_abbrev  0x000017c7      0x2ad Src\dcf77.o
 .debug_abbrev  0x00001a74      0x230 Src\led.o
 .debug_abbrev  0x00001ca4      0x26a Src\main.o
 .debug_abbrev  0x00001f0e      0x1cd Src\power.o
 .debug_abbrev  0x000020db      0x2f7 Src\printer.o
 .debug_abbrev  0x000023d2      0x1d9 Src\rtc.o
 .debug_abbrev  0x000025ab      0x239 Src\stm32l0xx_hal_msp.o
 .debug_abbrev  0x000027e4      0x1c4 Src\stm32l0xx_it.o
 .debug_abbrev  0x000029a8      0x1ca Src\system_stm32l0xx.o
 .debug_abbrev  0x00002b72       0x12 startup\startup_stm32l052xx.o

.debug_aranges  0x00000000      0xb00
 .debug_aranges
                0x00000000       0xe0 Drivers\STM32L0xx_HAL_Driver\Src\stm32l0xx_hal.o
 .debug_aranges
                0x000000e0       0xc8 Drivers\STM32L0xx_HAL_Driver\Src\stm32l0xx_hal_cortex.o
 .debug_aranges
                0x000001a8       0x70 Drivers\STM32L0xx_HAL_Driver\Src\stm32l0xx_hal_dma.o
 .debug_aranges
                0x00000218       0x58 Drivers\STM32L0xx_HAL_Driver\Src\stm32l0xx_hal_gpio.o
 .debug_aranges
                0x00000270       0x88 Drivers\STM32L0xx_HAL_Driver\Src\stm32l0xx_hal_rcc.o
 .debug_aranges
                0x000002f8       0xb0 Drivers\STM32L0xx_HAL_Driver\Src\stm32l0xx_hal_rcc_ex.o
 .debug_aranges
                0x000003a8       0xb8 Drivers\STM32L0xx_HAL_Driver\Src\stm32l0xx_hal_rtc.o
 .debug_aranges
                0x00000460      0x368 Drivers\STM32L0xx_HAL_Driver\Src\stm32l0xx_hal_tim.o
 .debug_aranges
                0x000007c8       0x18 Middlewares\ST\STM32_TouchSensing_Library\src\tsl_globals.o
 .debug_aranges
                0x000007e0       0x30 Middlewares\ST\STM32_TouchSensing_Library\src\tsl_time.o
 .debug_aranges
                0x00000810       0x58 Src\dcf77.o
 .debug_aranges
                0x00000868       0x50 Src\led.o
 .debug_aranges
                0x000008b8       0x48 Src\main.o
 .debug_aranges
                0x00000900       0x48 Src\power.o
 .debug_aranges
                0x00000948       0x98 Src\printer.o
 .debug_aranges
                0x000009e0       0x28 Src\rtc.o
 .debug_aranges
                0x00000a08       0x58 Src\stm32l0xx_hal_msp.o
 .debug_aranges
                0x00000a60       0x50 Src\stm32l0xx_it.o
 .debug_aranges
                0x00000ab0       0x28 Src\system_stm32l0xx.o
 .debug_aranges
                0x00000ad8       0x28 startup\startup_stm32l052xx.o

.debug_ranges   0x00000000      0x9c0
 .debug_ranges  0x00000000       0xd0 Drivers\STM32L0xx_HAL_Driver\Src\stm32l0xx_hal.o
 .debug_ranges  0x000000d0       0xb8 Drivers\STM32L0xx_HAL_Driver\Src\stm32l0xx_hal_cortex.o
 .debug_ranges  0x00000188       0x60 Drivers\STM32L0xx_HAL_Driver\Src\stm32l0xx_hal_dma.o
 .debug_ranges  0x000001e8       0x48 Drivers\STM32L0xx_HAL_Driver\Src\stm32l0xx_hal_gpio.o
 .debug_ranges  0x00000230       0x78 Drivers\STM32L0xx_HAL_Driver\Src\stm32l0xx_hal_rcc.o
 .debug_ranges  0x000002a8       0xa0 Drivers\STM32L0xx_HAL_Driver\Src\stm32l0xx_hal_rcc_ex.o
 .debug_ranges  0x00000348       0xa8 Drivers\STM32L0xx_HAL_Driver\Src\stm32l0xx_hal_rtc.o
 .debug_ranges  0x000003f0      0x358 Drivers\STM32L0xx_HAL_Driver\Src\stm32l0xx_hal_tim.o
 .debug_ranges  0x00000748       0x20 Middlewares\ST\STM32_TouchSensing_Library\src\tsl_time.o
 .debug_ranges  0x00000768       0x48 Src\dcf77.o
 .debug_ranges  0x000007b0       0x40 Src\led.o
 .debug_ranges  0x000007f0       0x38 Src\main.o
 .debug_ranges  0x00000828       0x38 Src\power.o
 .debug_ranges  0x00000860       0x88 Src\printer.o
 .debug_ranges  0x000008e8       0x18 Src\rtc.o
 .debug_ranges  0x00000900       0x48 Src\stm32l0xx_hal_msp.o
 .debug_ranges  0x00000948       0x40 Src\stm32l0xx_it.o
 .debug_ranges  0x00000988       0x18 Src\system_stm32l0xx.o
 .debug_ranges  0x000009a0       0x20 startup\startup_stm32l052xx.o

.debug_line     0x00000000     0x609a
 .debug_line    0x00000000      0x464 Drivers\STM32L0xx_HAL_Driver\Src\stm32l0xx_hal.o
 .debug_line    0x00000464      0x49a Drivers\STM32L0xx_HAL_Driver\Src\stm32l0xx_hal_cortex.o
 .debug_line    0x000008fe      0x92d Drivers\STM32L0xx_HAL_Driver\Src\stm32l0xx_hal_dma.o
 .debug_line    0x0000122b      0x41b Drivers\STM32L0xx_HAL_Driver\Src\stm32l0xx_hal_gpio.o
 .debug_line    0x00001646      0x559 Drivers\STM32L0xx_HAL_Driver\Src\stm32l0xx_hal_rcc.o
 .debug_line    0x00001b9f      0x588 Drivers\STM32L0xx_HAL_Driver\Src\stm32l0xx_hal_rcc_ex.o
 .debug_line    0x00002127      0x634 Drivers\STM32L0xx_HAL_Driver\Src\stm32l0xx_hal_rtc.o
 .debug_line    0x0000275b     0x11a9 Drivers\STM32L0xx_HAL_Driver\Src\stm32l0xx_hal_tim.o
 .debug_line    0x00003904      0x2b2 Middlewares\ST\STM32_TouchSensing_Library\src\tsl_globals.o
 .debug_line    0x00003bb6      0x331 Middlewares\ST\STM32_TouchSensing_Library\src\tsl_time.o
 .debug_line    0x00003ee7      0x52b Src\dcf77.o
 .debug_line    0x00004412      0x3e7 Src\led.o
 .debug_line    0x000047f9      0x45f Src\main.o
 .debug_line    0x00004c58      0x2b5 Src\power.o
 .debug_line    0x00004f0d      0x58d Src\printer.o
 .debug_line    0x0000549a      0x28a Src\rtc.o
 .debug_line    0x00005724      0x375 Src\stm32l0xx_hal_msp.o
 .debug_line    0x00005a99      0x306 Src\stm32l0xx_it.o
 .debug_line    0x00005d9f      0x278 Src\system_stm32l0xx.o
 .debug_line    0x00006017       0x83 startup\startup_stm32l052xx.o

.debug_str      0x00000000     0x43fa
 .debug_str     0x00000000      0xaee Drivers\STM32L0xx_HAL_Driver\Src\stm32l0xx_hal.o
                                0xb82 (size before relaxing)
 .debug_str     0x00000aee      0x2e5 Drivers\STM32L0xx_HAL_Driver\Src\stm32l0xx_hal_cortex.o
                                0xb22 (size before relaxing)
 .debug_str     0x00000dd3      0x32a Drivers\STM32L0xx_HAL_Driver\Src\stm32l0xx_hal_dma.o
                                0x995 (size before relaxing)
 .debug_str     0x000010fd      0x1a4 Drivers\STM32L0xx_HAL_Driver\Src\stm32l0xx_hal_gpio.o
                                0x8b3 (size before relaxing)
 .debug_str     0x000012a1      0x32d Drivers\STM32L0xx_HAL_Driver\Src\stm32l0xx_hal_rcc.o
                                0xadc (size before relaxing)
 .debug_str     0x000015ce      0x427 Drivers\STM32L0xx_HAL_Driver\Src\stm32l0xx_hal_rcc_ex.o
                                0xb97 (size before relaxing)
 .debug_str     0x000019f5      0x422 Drivers\STM32L0xx_HAL_Driver\Src\stm32l0xx_hal_rtc.o
                                0xaea (size before relaxing)
 .debug_str     0x00001e17      0xeaf Drivers\STM32L0xx_HAL_Driver\Src\stm32l0xx_hal_tim.o
                               0x1713 (size before relaxing)
 .debug_str     0x00002cc6      0xa54 Middlewares\ST\STM32_TouchSensing_Library\src\tsl_globals.o
                               0x105c (size before relaxing)
 .debug_str     0x0000371a       0xe7 Middlewares\ST\STM32_TouchSensing_Library\src\tsl_time.o
                               0x1126 (size before relaxing)
 .debug_str     0x00003801      0x1b6 Src\dcf77.o
                                0xec7 (size before relaxing)
 .debug_str     0x000039b7      0x107 Src\led.o
                                0xc07 (size before relaxing)
 .debug_str     0x00003abe      0x323 Src\main.o
                               0x1a66 (size before relaxing)
 .debug_str     0x00003de1       0x6f Src\power.o
                                0x78d (size before relaxing)
 .debug_str     0x00003e50      0x45a Src\printer.o
                                0xfa1 (size before relaxing)
 .debug_str     0x000042aa       0x23 Src\rtc.o
                                0x884 (size before relaxing)
 .debug_str     0x000042cd       0x5b Src\stm32l0xx_hal_msp.o
                               0x102f (size before relaxing)
 .debug_str     0x00004328       0x84 Src\stm32l0xx_it.o
                                0xa31 (size before relaxing)
 .debug_str     0x000043ac       0x4e Src\system_stm32l0xx.o
                                0x705 (size before relaxing)

.comment        0x00000000       0x7c
 .comment       0x00000000       0x7c Drivers\STM32L0xx_HAL_Driver\Src\stm32l0xx_hal.o
                                 0x7d (size before relaxing)
 .comment       0x0000007c       0x7d Drivers\STM32L0xx_HAL_Driver\Src\stm32l0xx_hal_cortex.o
 .comment       0x0000007c       0x7d Drivers\STM32L0xx_HAL_Driver\Src\stm32l0xx_hal_dma.o
 .comment       0x0000007c       0x7d Drivers\STM32L0xx_HAL_Driver\Src\stm32l0xx_hal_gpio.o
 .comment       0x0000007c       0x7d Drivers\STM32L0xx_HAL_Driver\Src\stm32l0xx_hal_rcc.o
 .comment       0x0000007c       0x7d Drivers\STM32L0xx_HAL_Driver\Src\stm32l0xx_hal_rcc_ex.o
 .comment       0x0000007c       0x7d Drivers\STM32L0xx_HAL_Driver\Src\stm32l0xx_hal_rtc.o
 .comment       0x0000007c       0x7d Drivers\STM32L0xx_HAL_Driver\Src\stm32l0xx_hal_tim.o
 .comment       0x0000007c       0x7d Middlewares\ST\STM32_TouchSensing_Library\src\tsl_globals.o
 .comment       0x0000007c       0x7d Middlewares\ST\STM32_TouchSensing_Library\src\tsl_time.o
 .comment       0x0000007c       0x7d Src\dcf77.o
 .comment       0x0000007c       0x7d Src\led.o
 .comment       0x0000007c       0x7d Src\main.o
 .comment       0x0000007c       0x7d Src\power.o
 .comment       0x0000007c       0x7d Src\printer.o
 .comment       0x0000007c       0x7d Src\rtc.o
 .comment       0x0000007c       0x7d Src\stm32l0xx_hal_msp.o
 .comment       0x0000007c       0x7d Src\stm32l0xx_it.o
 .comment       0x0000007c       0x7d Src\system_stm32l0xx.o

.debug_frame    0x00000000     0x269c
 .debug_frame   0x00000000      0x2e0 Drivers\STM32L0xx_HAL_Driver\Src\stm32l0xx_hal.o
 .debug_frame   0x000002e0      0x2c4 Drivers\STM32L0xx_HAL_Driver\Src\stm32l0xx_hal_cortex.o
 .debug_frame   0x000005a4      0x170 Drivers\STM32L0xx_HAL_Driver\Src\stm32l0xx_hal_dma.o
 .debug_frame   0x00000714      0x110 Drivers\STM32L0xx_HAL_Driver\Src\stm32l0xx_hal_gpio.o
 .debug_frame   0x00000824      0x1b8 Drivers\STM32L0xx_HAL_Driver\Src\stm32l0xx_hal_rcc.o
 .debug_frame   0x000009dc      0x244 Drivers\STM32L0xx_HAL_Driver\Src\stm32l0xx_hal_rcc_ex.o
 .debug_frame   0x00000c20      0x290 Drivers\STM32L0xx_HAL_Driver\Src\stm32l0xx_hal_rtc.o
 .debug_frame   0x00000eb0      0xd50 Drivers\STM32L0xx_HAL_Driver\Src\stm32l0xx_hal_tim.o
 .debug_frame   0x00001c00       0x6c Middlewares\ST\STM32_TouchSensing_Library\src\tsl_time.o
 .debug_frame   0x00001c6c      0x10c Src\dcf77.o
 .debug_frame   0x00001d78       0xe0 Src\led.o
 .debug_frame   0x00001e58       0xcc Src\main.o
 .debug_frame   0x00001f24       0xbc Src\power.o
 .debug_frame   0x00001fe0      0x1f0 Src\printer.o
 .debug_frame   0x000021d0       0x50 Src\rtc.o
 .debug_frame   0x00002220      0x10c Src\stm32l0xx_hal_msp.o
 .debug_frame   0x0000232c       0xd4 Src\stm32l0xx_it.o
 .debug_frame   0x00002400       0x4c Src\system_stm32l0xx.o
 .debug_frame   0x0000244c       0x2c c:/program files (x86)/atollic/truestudio for stm32 9.0.1/armtools/bin/../lib/gcc/arm-atollic-eabi/6.3.1/../../../../arm-atollic-eabi/lib/armv6-m\libc_nano.a(lib_a-init.o)
 .debug_frame   0x00002478       0x20 c:/program files (x86)/atollic/truestudio for stm32 9.0.1/armtools/bin/../lib/gcc/arm-atollic-eabi/6.3.1/armv6-m\libgcc.a(_udivsi3.o)
 .debug_frame   0x00002498       0x2c c:/program files (x86)/atollic/truestudio for stm32 9.0.1/armtools/bin/../lib/gcc/arm-atollic-eabi/6.3.1/armv6-m\libgcc.a(_fixunsdfsi.o)
 .debug_frame   0x000024c4       0x3c c:/program files (x86)/atollic/truestudio for stm32 9.0.1/armtools/bin/../lib/gcc/arm-atollic-eabi/6.3.1/armv6-m\libgcc.a(mulsf3.o)
 .debug_frame   0x00002500       0x28 c:/program files (x86)/atollic/truestudio for stm32 9.0.1/armtools/bin/../lib/gcc/arm-atollic-eabi/6.3.1/armv6-m\libgcc.a(floatunsisf.o)
 .debug_frame   0x00002528       0x3c c:/program files (x86)/atollic/truestudio for stm32 9.0.1/armtools/bin/../lib/gcc/arm-atollic-eabi/6.3.1/armv6-m\libgcc.a(divdf3.o)
 .debug_frame   0x00002564       0x38 c:/program files (x86)/atollic/truestudio for stm32 9.0.1/armtools/bin/../lib/gcc/arm-atollic-eabi/6.3.1/armv6-m\libgcc.a(subdf3.o)
 .debug_frame   0x0000259c       0x2c c:/program files (x86)/atollic/truestudio for stm32 9.0.1/armtools/bin/../lib/gcc/arm-atollic-eabi/6.3.1/armv6-m\libgcc.a(fixdfsi.o)
 .debug_frame   0x000025c8       0x2c c:/program files (x86)/atollic/truestudio for stm32 9.0.1/armtools/bin/../lib/gcc/arm-atollic-eabi/6.3.1/armv6-m\libgcc.a(extendsfdf2.o)
 .debug_frame   0x000025f4       0x38 c:/program files (x86)/atollic/truestudio for stm32 9.0.1/armtools/bin/../lib/gcc/arm-atollic-eabi/6.3.1/armv6-m\libgcc.a(eqdf2.o)
 .debug_frame   0x0000262c       0x38 c:/program files (x86)/atollic/truestudio for stm32 9.0.1/armtools/bin/../lib/gcc/arm-atollic-eabi/6.3.1/armv6-m\libgcc.a(gedf2.o)
 .debug_frame   0x00002664       0x38 c:/program files (x86)/atollic/truestudio for stm32 9.0.1/armtools/bin/../lib/gcc/arm-atollic-eabi/6.3.1/armv6-m\libgcc.a(ledf2.o)
