tsl_acq_tsc.c:45:19:TSL_acq_BankConfig	48	static
tsl_acq_tsc.c:118:6:TSL_acq_BankStartAcq	8	static
tsl_acq_tsc.c:141:19:TSL_acq_BankWaitEOC	16	static
tsl_acq_tsc.c:174:13:TSL_acq_GetMeas	16	static
tsl_acq_tsc.c:193:14:TSL_acq_ComputeDelta	16	static
tsl_acq_tsc.c:205:13:TSL_acq_ComputeMeas	16	static
tsl_acq_tsc.c:216:22:TSL_acq_CheckNoise	8	static
tsl_acq_tsc.c:227:17:TSL_acq_UseFilter	16	static
tsl_acq_tsc.c:238:17:TSL_acq_TestReferenceOutOfRange	16	static
tsl_acq_tsc.c:250:17:TSL_acq_TestFirstReferenceIsValid	16	static
tsl_acq_tsc.c:276:6:SoftDelay	24	static
